Archive member included to satisfy reference by file (symbol)

/opt/devkitpro/libctru/lib/libctru.a(mappable.o)
                              ctr-httpwn.o (mappableAlloc)
/opt/devkitpro/libctru/lib/libctru.a(linear.o)
                              ctr-httpwn.o (linearAlloc)
/opt/devkitpro/libctru/lib/libctru.a(mem_pool.o)
                              /opt/devkitpro/libctru/lib/libctru.a(mappable.o) (MemPool::Allocate(MemChunk&, unsigned long, int))
/opt/devkitpro/libctru/lib/libctru.a(console.o)
                              ctr-httpwn.o (consoleInit)
/opt/devkitpro/libctru/lib/libctru.a(gfx.o)
                              /opt/devkitpro/libctru/lib/libctru.a(console.o) (gfxSetScreenFormat)
/opt/devkitpro/libctru/lib/libctru.a(gx.o)
                              /opt/devkitpro/libctru/lib/libctru.a(gfx.o) (gxCmdBuf)
/opt/devkitpro/libctru/lib/libctru.a(gspgpu.o)
                              /opt/devkitpro/libctru/lib/libctru.a(gfx.o) (gspInit)
/opt/devkitpro/libctru/lib/libctru.a(hid.o)
                              ctr-httpwn.o (hidScanInput)
/opt/devkitpro/libctru/lib/libctru.a(am.o)
                              ctr-httpwn.o (amInit)
/opt/devkitpro/libctru/lib/libctru.a(sslc.o)
                              ctr-httpwn.o (sslcInit)
/opt/devkitpro/libctru/lib/libctru.a(apt.o)
                              ctr-httpwn.o (aptMainLoop)
/opt/devkitpro/libctru/lib/libctru.a(httpc.o)
                              ctr-httpwn.o (httpcInit)
/opt/devkitpro/libctru/lib/libctru.a(fs.o)
                              loadcodebin.o (FSUSER_OpenFileDirectly)
/opt/devkitpro/libctru/lib/libctru.a(soc_addglobalsocket.o)
                              /opt/devkitpro/libctru/lib/libctru.a(sslc.o) (SOCU_AddGlobalSocket)
/opt/devkitpro/libctru/lib/libctru.a(soc_common.o)
                              /opt/devkitpro/libctru/lib/libctru.a(soc_addglobalsocket.o) (SOCU_handle)
/opt/devkitpro/libctru/lib/libctru.a(rbtree_init.o)
                              /opt/devkitpro/libctru/lib/libctru.a(mappable.o) (rbtree_init)
/opt/devkitpro/libctru/lib/libctru.a(rbtree_insert.o)
                              /opt/devkitpro/libctru/lib/libctru.a(mappable.o) (rbtree_insert)
/opt/devkitpro/libctru/lib/libctru.a(rbtree_rotate.o)
                              /opt/devkitpro/libctru/lib/libctru.a(rbtree_insert.o) (rbtree_rotate)
/opt/devkitpro/libctru/lib/libctru.a(rbtree_remove.o)
                              /opt/devkitpro/libctru/lib/libctru.a(mappable.o) (rbtree_remove)
/opt/devkitpro/libctru/lib/libctru.a(rbtree_find.o)
                              /opt/devkitpro/libctru/lib/libctru.a(mappable.o) (rbtree_find)
/opt/devkitpro/libctru/lib/libctru.a(utf8_to_utf16.o)
                              /opt/devkitpro/libctru/lib/libctru.a(am.o) (utf8_to_utf16)
/opt/devkitpro/libctru/lib/libctru.a(decode_utf8.o)
                              /opt/devkitpro/libctru/lib/libctru.a(utf8_to_utf16.o) (decode_utf8)
/opt/devkitpro/libctru/lib/libctru.a(initSystem.o)
                              /opt/devkitpro/libctru/lib/libctru.a(apt.o) (__system_retAddr)
/opt/devkitpro/libctru/lib/libctru.a(syscalls.o)
                              /opt/devkitpro/libctru/lib/libctru.a(initSystem.o) (__system_initSyscalls)
/opt/devkitpro/libctru/lib/libctru.a(allocateHeaps.o)
                              /opt/devkitpro/libctru/lib/libctru.a(initSystem.o) (__system_allocateHeaps)
/opt/devkitpro/libctru/lib/libctru.a(initArgv.o)
                              /opt/devkitpro/libctru/lib/libctru.a(initSystem.o) (__system_initArgv)
/opt/devkitpro/libctru/lib/libctru.a(svc.o)
                              /opt/devkitpro/libctru/lib/libctru.a(allocateHeaps.o) (svcControlMemory)
/opt/devkitpro/libctru/lib/libctru.a(stack_adjust.o)
                              /opt/devkitpro/devkitARM/lib/gcc/arm-none-eabi/5.3.0/../../../../arm-none-eabi/lib/armv6k/fpu/3dsx_crt0.o (initSystem)
/opt/devkitpro/libctru/lib/libctru.a(default_font.bin.o)
                              /opt/devkitpro/libctru/lib/libctru.a(console.o) (default_font_bin)
/opt/devkitpro/libctru/lib/libctru.a(vram.o)
                              /opt/devkitpro/libctru/lib/libctru.a(gfx.o) (vramAlloc)
/opt/devkitpro/libctru/lib/libctru.a(synchronization.o)
                              /opt/devkitpro/libctru/lib/libctru.a(initSystem.o) (__sync_init)
/opt/devkitpro/libctru/lib/libctru.a(env.o)
                              /opt/devkitpro/libctru/lib/libctru.a(fs.o) (envGetHandle)
/opt/devkitpro/libctru/lib/libctru.a(os.o)
                              /opt/devkitpro/libctru/lib/libctru.a(allocateHeaps.o) (osGetMemRegionUsed)
/opt/devkitpro/libctru/lib/libctru.a(srv.o)
                              /opt/devkitpro/libctru/lib/libctru.a(apt.o) (srvInit)
/opt/devkitpro/libctru/lib/libctru.a(thread.o)
                              /opt/devkitpro/libctru/lib/libctru.a(gspgpu.o) (threadCreate)
/opt/devkitpro/libctru/lib/libctru.a(irrst.o)
                              /opt/devkitpro/libctru/lib/libctru.a(hid.o) (irrstScanInput)
[...]
Memory Configuration

Name             Origin             Length             Attributes
*default*        0x0000000000000000 0xffffffffffffffff

Linker script and memory map

                0x0000000000100000                . = 0x100000
                0x0000000000100000                __start__ = .

.text           0x0000000000100000    0x34a34
 *(.crt0)
 .crt0          0x0000000000100000       0x94 /opt/devkitpro/devkitARM/lib/gcc/arm-none-eabi/5.3.0/../../../../arm-none-eabi/lib/armv6k/fpu/3dsx_crt0.o
                0x0000000000100000                _start
                0x0000000000100008                __service_ptr
                0x000000000010000c                __apt_appid
                0x0000000000100010                __heap_size
                0x0000000000100014                __linear_heap_size
                0x0000000000100018                __system_arglist
                0x000000000010001c                __system_runflags
 *(.init)
 .init          0x0000000000100094        0xc /opt/devkitpro/devkitARM/lib/gcc/arm-none-eabi/5.3.0/armv6k/fpu/crti.o
                0x0000000000100094                _init
 .init          0x00000000001000a0        0xc /opt/devkitpro/devkitARM/lib/gcc/arm-none-eabi/5.3.0/armv6k/fpu/crtn.o
                0x00000000001000ac                . = ALIGN (0x4)
 *(.text)
 .text          0x00000000001000ac      0x108 /opt/devkitpro/devkitARM/lib/gcc/arm-none-eabi/5.3.0/armv6k/fpu/crtbegin.o
 .text          0x00000000001001b4      0x80c config.o
                0x00000000001001b4                config_findurltarget_entry(_targeturlctx**, _targeturlctx**, char*)
                0x0000000000100214                config_parse_u32field(tinyxml2::XMLElement*, char const*, unsigned long*)
                0x0000000000100280                config_freemem_reqoverride
                0x00000000001002b0                config_freemem
                0x00000000001002f4                config_parse
 .text          0x00000000001009c0     0x10f0 ctr-httpwn.o
                0x0000000000100a18                displaymessage_waitbutton
                0x0000000000100a48                display_config_message
                0x0000000000100ac4                _HTTPC_CloseContext
                0x0000000000100b6c                _httpcCloseContext
                0x0000000000100bb4                locate_sharedmem_linearaddr
                0x0000000000100d0c                writehax_sharedmem_physmem
                0x0000000000100dd4                setuphax_http_sslc
                0x0000000000100e40                http_haxx
                0x00000000001012a8                download_config
                0x00000000001014b0                load_url_file
                0x0000000000101530                httpwn_setup
 .text          0x0000000000101ab0      0x3ec loadcodebin.o
                0x0000000000101ab0                getle32
                0x0000000000101ad0                lzss_get_decompressed_size
                0x0000000000101af8                lzss_decompress
                0x0000000000101c58                loadcodebin
 .text          0x0000000000101e9c     0x2e48 sharedmem_setup.o
                0x0000000000101e9c                ropgen_addword
                0x0000000000101eb8                ropgen_addwords
                0x0000000000101f04                ropgen_popr1
                0x0000000000101f44                ropgen_popr3
                0x0000000000101f84                ropgen_setr0
                0x0000000000101ff0                ropgen_setr4
                0x0000000000102034                ropgen_popr4r5r6pc
                0x0000000000102098                ropgen_popr4r5r6r7r8pc
                0x0000000000102128                ropgen_popr4r5r6r7r8r9slfpippc
                0x000000000010215c                ropgen_blxr3
                0x00000000001021e0                ropgen_setr0r2r1
                0x000000000010227c                ropgen_movr1r0
                0x0000000000102304                ropgen_ldrr0r1
                0x0000000000102368                ropgen_strr0r1
                0x00000000001023d0                ropgen_copyu32
                0x00000000001023f4                ropgen_writeu32
                0x0000000000102414                ropgen_stackpivot
                0x0000000000102460                ropgen_add_r0ip
                0x00000000001024dc                ropgen_blxip_popr3pc
                0x0000000000102578                ropgen_callfunc
                0x000000000010263c                ropgen_checkcond
                0x0000000000102738                ropgen_svcControlMemory
                0x000000000010278c                ropgen_strncpy
                0x00000000001027d0                ropgen_memcpy
                0x0000000000102814                ropgen_sharedmem_create
                0x0000000000102864                ropgen_ret2cmdhandler
                0x000000000010294c                ropgen_requestoverride
                0x0000000000103418                memalloc_ropvmem_dataheap
                0x0000000000103448                allocate_reqoverride_list
                0x00000000001034a0                init_reqoverride_list
                0x00000000001034d0                init_hax_sharedmem
                0x0000000000103b6c                setuphaxx_httpheap_sharedmem
 .text          0x0000000000104ce4       0x64 /opt/devkitpro/libctru/lib/libctru.a(stack_adjust.o)
                0x0000000000104ce4                initSystem
                0x0000000000104d28                __ctru_exit
 .text          0x0000000000104d48      0x240 /opt/devkitpro/devkitARM/lib/gcc/arm-none-eabi/5.3.0/armv6k/fpu/libgcc.a(_divsi3.o)
                0x0000000000104d48                __aeabi_idiv
                0x0000000000104d48                __divsi3
                0x0000000000104f68                __aeabi_idivmod
 .text          0x0000000000104f88        0x4 /opt/devkitpro/devkitARM/lib/gcc/arm-none-eabi/5.3.0/armv6k/fpu/libgcc.a(_dvmd_tls.o)
                0x0000000000104f88                __aeabi_ldiv0
                0x0000000000104f88                __aeabi_idiv0
 .text          0x0000000000104f8c       0x3c /opt/devkitpro/devkitARM/lib/gcc/arm-none-eabi/5.3.0/armv6k/fpu/libgcc.a(_aeabi_uldivmod.o)
                0x0000000000104f8c                __aeabi_uldivmod
 .text          0x0000000000104fc8      0x128 /opt/devkitpro/devkitARM/lib/gcc/arm-none-eabi/5.3.0/armv6k/fpu/libgcc.a(_udivmoddi4.o)
                0x0000000000104fc8                __udivmoddi4
 .text          0x00000000001050f0      0xfec /opt/devkitpro/devkitARM/lib/gcc/arm-none-eabi/5.3.0/armv6k/fpu/libgcc.a(unwind-arm.o)
                0x0000000000105564                _Unwind_GetCFA
                0x000000000010556c                __gnu_Unwind_RaiseException
                0x0000000000105614                __gnu_Unwind_ForcedUnwind
                0x0000000000105638                __gnu_Unwind_Resume
                0x00000000001056ac                __gnu_Unwind_Resume_or_Rethrow
                0x00000000001056cc                _Unwind_Complete
                0x00000000001056d0                _Unwind_DeleteException
                0x00000000001056e8                _Unwind_VRS_Get
                0x0000000000105770                _Unwind_VRS_Set
                0x00000000001057f8                __gnu_Unwind_Backtrace
                0x0000000000105ce8                __aeabi_unwind_cpp_pr0
                0x0000000000105cf0                __aeabi_unwind_cpp_pr1
                0x0000000000105cf8                __aeabi_unwind_cpp_pr2
                0x0000000000105d00                _Unwind_VRS_Pop
 .text          0x00000000001060dc      0x1a8 /opt/devkitpro/devkitARM/lib/gcc/arm-none-eabi/5.3.0/armv6k/fpu/libgcc.a(libunwind.o)
                0x00000000001060dc                __restore_core_regs
                0x00000000001060dc                restore_core_regs
                0x00000000001060f0                __gnu_Unwind_Restore_VFP
                0x00000000001060f8                __gnu_Unwind_Save_VFP
                0x0000000000106100                __gnu_Unwind_Restore_VFP_D
                0x0000000000106108                __gnu_Unwind_Save_VFP_D
                0x0000000000106110                __gnu_Unwind_Restore_VFP_D_16_to_31
                0x0000000000106118                __gnu_Unwind_Save_VFP_D_16_to_31
                0x0000000000106120                __gnu_Unwind_Restore_WMMXD
                0x0000000000106164                __gnu_Unwind_Save_WMMXD
                0x00000000001061a8                __gnu_Unwind_Restore_WMMXC
                0x00000000001061bc                __gnu_Unwind_Save_WMMXC
                0x00000000001061d0                ___Unwind_RaiseException
                0x00000000001061d0                _Unwind_RaiseException
                0x00000000001061f4                ___Unwind_Resume
                0x00000000001061f4                _Unwind_Resume
                0x0000000000106218                _Unwind_Resume_or_Rethrow
                0x0000000000106218                ___Unwind_Resume_or_Rethrow
                0x000000000010623c                ___Unwind_ForcedUnwind
                0x000000000010623c                _Unwind_ForcedUnwind
                0x0000000000106260                _Unwind_Backtrace
                0x0000000000106260                ___Unwind_Backtrace
 .text          0x0000000000106284      0x4c0 /opt/devkitpro/devkitARM/lib/gcc/arm-none-eabi/5.3.0/armv6k/fpu/libgcc.a(pr-support.o)
                0x0000000000106314                __gnu_unwind_execute
                0x00000000001066c0                __gnu_unwind_frame
                0x0000000000106708                _Unwind_GetRegionStart
                0x0000000000106718                _Unwind_GetLanguageSpecificData
                0x0000000000106734                _Unwind_GetTextRelBase
                0x000000000010673c                _Unwind_GetDataRelBase
 *fill*         0x0000000000106744       0x1c 
 .text          0x0000000000106760      0x3a0 /opt/devkitpro/devkitARM/lib/gcc/arm-none-eabi/5.3.0/../../../../arm-none-eabi/lib/armv6k/fpu/libg.a(lib_a-strcmp.o)
                0x0000000000106768                strcmp
 .text          0x0000000000106b00      0x1c4 /opt/devkitpro/devkitARM/lib/gcc/arm-none-eabi/5.3.0/../../../../arm-none-eabi/lib/armv6k/fpu/libsysbase.a(iosupport.o)
                0x0000000000106b08                setDefaultDevice
                0x0000000000106b20                FindDevice
                0x0000000000106bdc                RemoveDevice
                0x0000000000106c08                AddDevice
                0x0000000000106ca0                GetDeviceOpTab
 .text          0x0000000000106cc4       0x7c /opt/devkitpro/devkitARM/lib/gcc/arm-none-eabi/5.3.0/../../../../arm-none-eabi/lib/armv6k/fpu/libsysbase.a(close.o)
                0x0000000000106cc4                _close_r
 .text          0x0000000000106d40       0x6c /opt/devkitpro/devkitARM/lib/gcc/arm-none-eabi/5.3.0/../../../../arm-none-eabi/lib/armv6k/fpu/libsysbase.a(fstat.o)
                0x0000000000106d40                _fstat_r
 .text          0x0000000000106dac       0x10 /opt/devkitpro/devkitARM/lib/gcc/arm-none-eabi/5.3.0/../../../../arm-none-eabi/lib/armv6k/fpu/libsysbase.a(getpid.o)
                0x0000000000106dac                _getpid_r
 .text          0x0000000000106dbc        0x8 /opt/devkitpro/devkitARM/lib/gcc/arm-none-eabi/5.3.0/../../../../arm-none-eabi/lib/armv6k/fpu/libsysbase.a(isatty.o)
                0x0000000000106dbc                _isatty_r
 .text          0x0000000000106dc4       0x10 /opt/devkitpro/devkitARM/lib/gcc/arm-none-eabi/5.3.0/../../../../arm-none-eabi/lib/armv6k/fpu/libsysbase.a(kill.o)
                0x0000000000106dc4                _kill_r
 .text          0x0000000000106dd4       0x78 /opt/devkitpro/devkitARM/lib/gcc/arm-none-eabi/5.3.0/../../../../arm-none-eabi/lib/armv6k/fpu/libsysbase.a(lseek.o)
                0x0000000000106dd4                _lseek_r
 .text          0x0000000000106e4c       0xc8 /opt/devkitpro/devkitARM/lib/gcc/arm-none-eabi/5.3.0/../../../../arm-none-eabi/lib/armv6k/fpu/libsysbase.a(open.o)
                0x0000000000106e4c                _open_r
 .text          0x0000000000106f14       0x78 /opt/devkitpro/devkitARM/lib/gcc/arm-none-eabi/5.3.0/../../../../arm-none-eabi/lib/armv6k/fpu/libsysbase.a(read.o)
                0x0000000000106f14                _read_r
 .text          0x0000000000106f8c       0x70 /opt/devkitpro/devkitARM/lib/gcc/arm-none-eabi/5.3.0/../../../../arm-none-eabi/lib/armv6k/fpu/libsysbase.a(sbrk.o)
                0x0000000000106f8c                _sbrk_r
 .text          0x0000000000106ffc       0x5c /opt/devkitpro/devkitARM/lib/gcc/arm-none-eabi/5.3.0/../../../../arm-none-eabi/lib/armv6k/fpu/libsysbase.a(unlink.o)
                0x0000000000106ffc                _unlink_r
 .text          0x0000000000107058       0x78 /opt/devkitpro/devkitARM/lib/gcc/arm-none-eabi/5.3.0/../../../../arm-none-eabi/lib/armv6k/fpu/libsysbase.a(write.o)
                0x0000000000107058                _write_r
 .text          0x00000000001070d0       0x20 /opt/devkitpro/devkitARM/lib/gcc/arm-none-eabi/5.3.0/../../../../arm-none-eabi/lib/armv6k/fpu/libsysbase.a(_exit.o)
                0x00000000001070d0                _exit
 .text          0x00000000001070f0      0x3b0 /opt/devkitpro/devkitARM/lib/gcc/arm-none-eabi/5.3.0/../../../../arm-none-eabi/lib/armv6k/fpu/libsysbase.a(chdir.o)
                0x00000000001070f0                _concatenate_path
                0x00000000001072ac                chdir
                0x0000000000107400                getcwd
 .text          0x00000000001074a0       0x10 /opt/devkitpro/devkitARM/lib/gcc/arm-none-eabi/5.3.0/../../../../arm-none-eabi/lib/armv6k/fpu/libsysbase.a(flock.o)
                0x00000000001074a0                __flockfile
                0x00000000001074a8                __funlockfile
 .text          0x00000000001074b0      0x108 /opt/devkitpro/devkitARM/lib/gcc/arm-none-eabi/5.3.0/../../../../arm-none-eabi/lib/armv6k/fpu/libsysbase.a(syscall_support.o)
                0x00000000001074b0                __libc_lock_init
                0x00000000001074c8                __libc_lock_acquire
                0x00000000001074e0                __libc_lock_try_acquire
                0x0000000000107504                __libc_lock_release
                0x000000000010751c                __libc_lock_close
                0x0000000000107534                __libc_lock_init_recursive
                0x000000000010754c                __libc_lock_acquire_recursive
                0x0000000000107564                __libc_lock_try_acquire_recursive
                0x0000000000107588                __libc_lock_release_recursive
                0x00000000001075a0                __libc_lock_close_recursive
 .text          0x00000000001075b8      0x2c4 /opt/devkitpro/devkitARM/lib/gcc/arm-none-eabi/5.3.0/../../../../arm-none-eabi/lib/armv6k/fpu/libsysbase.a(handle_manager.o)
                0x00000000001075b8                __free_handle
                0x00000000001075fc                __release_handle
                0x0000000000107638                __alloc_handle
                0x00000000001076b0                __get_handle
                0x00000000001076cc                dup
                0x0000000000107770                dup2
 .text          0x000000000010787c       0x28 /opt/devkitpro/devkitARM/lib/gcc/arm-none-eabi/5.3.0/../../../../arm-none-eabi/lib/armv6k/fpu/libsysbase.a(getreent.o)
                0x000000000010787c                __getreent
 .text          0x00000000001078a4      0x20c /opt/devkitpro/devkitARM/lib/gcc/arm-none-eabi/5.3.0/armv6k/fpu/libgcc.a(_udivsi3.o)
                0x00000000001078a4                __udivsi3
                0x00000000001078a4                __aeabi_uidiv
                0x0000000000107a90                __aeabi_uidivmod
 *(.text.*)
 .text.startup  0x0000000000107ab0      0x110 ctr-httpwn.o
                0x0000000000107ab0                main
 .text._ZL21addrMapNodeComparatorPK11rbtree_nodeS1_
                0x0000000000107bc0       0x24 /opt/devkitpro/libctru/lib/libctru.a(mappable.o)
 .text._ZL21addrMapNodeDestructorP11rbtree_node
                0x0000000000107be4        0x4 /opt/devkitpro/libctru/lib/libctru.a(mappable.o)
 .text.mappableAlloc
                0x0000000000107be8       0xf4 /opt/devkitpro/libctru/lib/libctru.a(mappable.o)
                0x0000000000107be8                mappableAlloc
 .text.mappableFree
                0x0000000000107cdc       0x50 /opt/devkitpro/libctru/lib/libctru.a(mappable.o)
                0x0000000000107cdc                mappableFree
 .text._ZL21addrMapNodeComparatorPK11rbtree_nodeS1_
                0x0000000000107d2c       0x24 /opt/devkitpro/libctru/lib/libctru.a(linear.o)
 .text._ZL21addrMapNodeDestructorP11rbtree_node
                0x0000000000107d50        0x4 /opt/devkitpro/libctru/lib/libctru.a(linear.o)
 .text.linearMemAlign
                0x0000000000107d54      0x140 /opt/devkitpro/libctru/lib/libctru.a(linear.o)
                0x0000000000107d54                linearMemAlign
 .text.linearAlloc
                0x0000000000107e94        0x8 /opt/devkitpro/libctru/lib/libctru.a(linear.o)
                0x0000000000107e94                linearAlloc
 .text.linearFree
                0x0000000000107e9c       0x50 /opt/devkitpro/libctru/lib/libctru.a(linear.o)
                0x0000000000107e9c                linearFree
 .text._ZN7MemPool13CoalesceRightEP8MemBlock
                0x0000000000107eec       0xa0 /opt/devkitpro/libctru/lib/libctru.a(mem_pool.o)
                0x0000000000107eec                MemPool::CoalesceRight(MemBlock*)
 .text._ZN7MemPool8AllocateER8MemChunkmi
                0x0000000000107f8c      0x18c /opt/devkitpro/libctru/lib/libctru.a(mem_pool.o)
                0x0000000000107f8c                MemPool::Allocate(MemChunk&, unsigned long, int)
 .text._ZN7MemPool10DeallocateERK8MemChunk
                0x0000000000108118      0x104 /opt/devkitpro/libctru/lib/libctru.a(mem_pool.o)
                0x0000000000108118                MemPool::Deallocate(MemChunk const&)
 .text.debug_write
                0x000000000010821c       0x1c /opt/devkitpro/libctru/lib/libctru.a(console.o)
                0x000000000010821c                debug_write
 .text.consoleDrawChar
                0x0000000000108238      0x1ac /opt/devkitpro/libctru/lib/libctru.a(console.o)
                0x0000000000108238                consoleDrawChar
 .text.consolePrintChar
                0x00000000001083e4      0x128 /opt/devkitpro/libctru/lib/libctru.a(console.o)
                0x00000000001083e4                consolePrintChar
 .text.consoleCls
                0x000000000010850c      0x184 /opt/devkitpro/libctru/lib/libctru.a(console.o)
 .text.consoleInit
                0x0000000000108690       0xf8 /opt/devkitpro/libctru/lib/libctru.a(console.o)
                0x0000000000108690                consoleInit
 .text.consoleClearLine
                0x0000000000108788      0x138 /opt/devkitpro/libctru/lib/libctru.a(console.o)
 .text.newRow   0x00000000001088c0       0xc0 /opt/devkitpro/libctru/lib/libctru.a(console.o)
 .text.con_write
                0x0000000000108980      0x86c /opt/devkitpro/libctru/lib/libctru.a(console.o)
                0x0000000000108980                con_write
 .text.gfxSetFramebufferInfo.part.0
                0x00000000001091ec       0x8c /opt/devkitpro/libctru/lib/libctru.a(gfx.o)
 .text.gfxSetScreenFormat
                0x0000000000109278       0x18 /opt/devkitpro/libctru/lib/libctru.a(gfx.o)
                0x0000000000109278                gfxSetScreenFormat
 .text.gfxSetDoubleBuffering
                0x0000000000109290       0x14 /opt/devkitpro/libctru/lib/libctru.a(gfx.o)
                0x0000000000109290                gfxSetDoubleBuffering
 .text.__get_bytes_per_pixel
                0x00000000001092a4       0x18 /opt/devkitpro/libctru/lib/libctru.a(gfx.o)
                0x00000000001092a4                __get_bytes_per_pixel
 .text.gfxSetFramebufferInfo
                0x00000000001092bc       0x70 /opt/devkitpro/libctru/lib/libctru.a(gfx.o)
                0x00000000001092bc                gfxSetFramebufferInfo
 .text.gfxWriteFramebufferInfo
                0x000000000010932c       0x88 /opt/devkitpro/libctru/lib/libctru.a(gfx.o)
                0x000000000010932c                gfxWriteFramebufferInfo
 .text.gfxInit  0x00000000001093b4      0x1d0 /opt/devkitpro/libctru/lib/libctru.a(gfx.o)
                0x00000000001093b4                gfxInit
 .text.gfxInitDefault
                0x0000000000109584       0x10 /opt/devkitpro/libctru/lib/libctru.a(gfx.o)
                0x0000000000109584                gfxInitDefault
 .text.gfxExit  0x0000000000109594       0xe0 /opt/devkitpro/libctru/lib/libctru.a(gfx.o)
                0x0000000000109594                gfxExit
 .text.gfxGetFramebuffer
                0x0000000000109674       0xb0 /opt/devkitpro/libctru/lib/libctru.a(gfx.o)
                0x0000000000109674                gfxGetFramebuffer
 .text.gfxFlushBuffers
                0x0000000000109724       0xcc /opt/devkitpro/libctru/lib/libctru.a(gfx.o)
                0x0000000000109724                gfxFlushBuffers
 .text.gfxConfigScreen
                0x00000000001097f0       0x70 /opt/devkitpro/libctru/lib/libctru.a(gfx.o)
                0x00000000001097f0                gfxConfigScreen
 .text.gfxSwapBuffersGpu
                0x0000000000109860       0x20 /opt/devkitpro/libctru/lib/libctru.a(gfx.o)
                0x0000000000109860                gfxSwapBuffersGpu
 .text.GX_TextureCopy
                0x0000000000109880       0x54 /opt/devkitpro/libctru/lib/libctru.a(gx.o)
                0x0000000000109880                GX_TextureCopy
 .text.gspEventThreadMain
                0x00000000001098d4      0x154 /opt/devkitpro/libctru/lib/libctru.a(gspgpu.o)
 .text.gspInit  0x0000000000109a28       0x74 /opt/devkitpro/libctru/lib/libctru.a(gspgpu.o)
                0x0000000000109a28                gspInit
 .text.gspExit  0x0000000000109a9c       0x3c /opt/devkitpro/libctru/lib/libctru.a(gspgpu.o)
                0x0000000000109a9c                gspExit
 .text.gspInitEventHandler
                0x0000000000109ad8       0x84 /opt/devkitpro/libctru/lib/libctru.a(gspgpu.o)
                0x0000000000109ad8                gspInitEventHandler
 .text.gspExitEventHandler
                0x0000000000109b5c       0x30 /opt/devkitpro/libctru/lib/libctru.a(gspgpu.o)
                0x0000000000109b5c                gspExitEventHandler
 .text.gspWaitForEvent
                0x0000000000109b8c       0x44 /opt/devkitpro/libctru/lib/libctru.a(gspgpu.o)
                0x0000000000109b8c                gspWaitForEvent
 .text.gspSubmitGxCommand
                0x0000000000109bd0      0x128 /opt/devkitpro/libctru/lib/libctru.a(gspgpu.o)
                0x0000000000109bd0                gspSubmitGxCommand
 .text.GSPGPU_SetBufferSwap
                0x0000000000109cf8       0x6c /opt/devkitpro/libctru/lib/libctru.a(gspgpu.o)
                0x0000000000109cf8                GSPGPU_SetBufferSwap
 .text.GSPGPU_FlushDataCache
                0x0000000000109d64       0x4c /opt/devkitpro/libctru/lib/libctru.a(gspgpu.o)
                0x0000000000109d64                GSPGPU_FlushDataCache
 .text.GSPGPU_SetLcdForceBlack
                0x0000000000109db0       0x34 /opt/devkitpro/libctru/lib/libctru.a(gspgpu.o)
                0x0000000000109db0                GSPGPU_SetLcdForceBlack
 .text.GSPGPU_RegisterInterruptRelayQueue
                0x0000000000109de4       0x64 /opt/devkitpro/libctru/lib/libctru.a(gspgpu.o)
                0x0000000000109de4                GSPGPU_RegisterInterruptRelayQueue
 .text.GSPGPU_UnregisterInterruptRelayQueue
                0x0000000000109e48       0x2c /opt/devkitpro/libctru/lib/libctru.a(gspgpu.o)
                0x0000000000109e48                GSPGPU_UnregisterInterruptRelayQueue
 .text.GSPGPU_AcquireRight
                0x0000000000109e74       0x48 /opt/devkitpro/libctru/lib/libctru.a(gspgpu.o)
                0x0000000000109e74                GSPGPU_AcquireRight
 .text.GSPGPU_ReleaseRight
                0x0000000000109ebc       0x2c /opt/devkitpro/libctru/lib/libctru.a(gspgpu.o)
                0x0000000000109ebc                GSPGPU_ReleaseRight
 .text.GSPGPU_ImportDisplayCaptureInfo
                0x0000000000109ee8       0x80 /opt/devkitpro/libctru/lib/libctru.a(gspgpu.o)
                0x0000000000109ee8                GSPGPU_ImportDisplayCaptureInfo
 .text.GSPGPU_SaveVramSysArea
                0x0000000000109f68       0x2c /opt/devkitpro/libctru/lib/libctru.a(gspgpu.o)
                0x0000000000109f68                GSPGPU_SaveVramSysArea
 .text.GSPGPU_RestoreVramSysArea
                0x0000000000109f94       0x2c /opt/devkitpro/libctru/lib/libctru.a(gspgpu.o)
                0x0000000000109f94                GSPGPU_RestoreVramSysArea
 .text.hidExit  0x0000000000109fc0       0xd8 /opt/devkitpro/libctru/lib/libctru.a(hid.o)
                0x0000000000109fc0                hidExit
 .text.hidScanInput
                0x000000000010a098      0x238 /opt/devkitpro/libctru/lib/libctru.a(hid.o)
                0x000000000010a098                hidScanInput
 .text.hidKeysDown
                0x000000000010a2d0       0x10 /opt/devkitpro/libctru/lib/libctru.a(hid.o)
                0x000000000010a2d0                hidKeysDown
 .text.HIDUSER_GetHandles
                0x000000000010a2e0       0x90 /opt/devkitpro/libctru/lib/libctru.a(hid.o)
                0x000000000010a2e0                HIDUSER_GetHandles
 .text.hidInit  0x000000000010a370      0x184 /opt/devkitpro/libctru/lib/libctru.a(hid.o)
                0x000000000010a370                hidInit
 .text.amInit   0x000000000010a4f4       0xa0 /opt/devkitpro/libctru/lib/libctru.a(am.o)
                0x000000000010a4f4                amInit
 .text.amExit   0x000000000010a594       0x34 /opt/devkitpro/libctru/lib/libctru.a(am.o)
                0x000000000010a594                amExit
 .text.AM_GetTitleInfo
                0x000000000010a5c8       0x5c /opt/devkitpro/libctru/lib/libctru.a(am.o)
                0x000000000010a5c8                AM_GetTitleInfo
 .text.sslcipc_CertChainAddCert
                0x000000000010a624       0x74 /opt/devkitpro/libctru/lib/libctru.a(sslc.o)
 .text.sslcInit
                0x000000000010a698       0xbc /opt/devkitpro/libctru/lib/libctru.a(sslc.o)
                0x000000000010a698                sslcInit
 .text.sslcExit
                0x000000000010a754       0x48 /opt/devkitpro/libctru/lib/libctru.a(sslc.o)
                0x000000000010a754                sslcExit
 .text.sslcAddTrustedRootCA
                0x000000000010a79c       0x28 /opt/devkitpro/libctru/lib/libctru.a(sslc.o)
                0x000000000010a79c                sslcAddTrustedRootCA
 .text._aptDebug
                0x000000000010a7c4        0x4 /opt/devkitpro/libctru/lib/libctru.a(apt.o)
                0x000000000010a7c4                _aptDebug
 .text.aptSendCommand
                0x000000000010a7c8      0x12c /opt/devkitpro/libctru/lib/libctru.a(apt.o)
                0x000000000010a7c8                aptSendCommand
 .text.aptExitProcess
                0x000000000010a8f4       0x3c /opt/devkitpro/libctru/lib/libctru.a(apt.o)
 .text.APT_InquireNotification
                0x000000000010a930       0x4c /opt/devkitpro/libctru/lib/libctru.a(apt.o)
                0x000000000010a930                APT_InquireNotification
 .text.aptEventHandler
                0x000000000010a97c      0x198 /opt/devkitpro/libctru/lib/libctru.a(apt.o)
 .text.APT_AppletUtility
                0x000000000010ab14       0x74 /opt/devkitpro/libctru/lib/libctru.a(apt.o)
                0x000000000010ab14                APT_AppletUtility
 .text.aptSetSleepAllowed
                0x000000000010ab88       0xb0 /opt/devkitpro/libctru/lib/libctru.a(apt.o)
                0x000000000010ab88                aptSetSleepAllowed
 .text.APT_GlanceParameter
                0x000000000010ac38       0xb4 /opt/devkitpro/libctru/lib/libctru.a(apt.o)
                0x000000000010ac38                APT_GlanceParameter
 .text.APT_ReceiveParameter
                0x000000000010acec       0xc0 /opt/devkitpro/libctru/lib/libctru.a(apt.o)
                0x000000000010acec                APT_ReceiveParameter
 .text.aptReceiveParameter.constprop.1
                0x000000000010adac       0xa8 /opt/devkitpro/libctru/lib/libctru.a(apt.o)
 *fill*         0x000000000010ae54        0x4 
 .text.aptScreenTransfer
                0x000000000010ae58      0x1e0 /opt/devkitpro/libctru/lib/libctru.a(apt.o)
 .text.aptWaitForWakeUp
                0x000000000010b038      0x224 /opt/devkitpro/libctru/lib/libctru.a(apt.o)
 .text.APT_CancelParameter
                0x000000000010b25c       0x70 /opt/devkitpro/libctru/lib/libctru.a(apt.o)
                0x000000000010b25c                APT_CancelParameter
 .text.aptInit  0x000000000010b2cc      0x21c /opt/devkitpro/libctru/lib/libctru.a(apt.o)
                0x000000000010b2cc                aptInit
 .text.aptClearParamQueue
                0x000000000010b4e8       0x88 /opt/devkitpro/libctru/lib/libctru.a(apt.o)
 .text.aptMainLoop
                0x000000000010b570      0x208 /opt/devkitpro/libctru/lib/libctru.a(apt.o)
                0x000000000010b570                aptMainLoop
 .text.aptExit  0x000000000010b778      0x148 /opt/devkitpro/libctru/lib/libctru.a(apt.o)
                0x000000000010b778                aptExit
 .text.APT_CheckNew3DS
                0x000000000010b8c0       0x70 /opt/devkitpro/libctru/lib/libctru.a(apt.o)
                0x000000000010b8c0                APT_CheckNew3DS
 .text.httpcInit
                0x000000000010b930      0x188 /opt/devkitpro/libctru/lib/libctru.a(httpc.o)
                0x000000000010b930                httpcInit
 .text.httpcExit
                0x000000000010bab8       0x84 /opt/devkitpro/libctru/lib/libctru.a(httpc.o)
                0x000000000010bab8                httpcExit
 .text.httpcOpenContext
                0x000000000010bb3c      0x148 /opt/devkitpro/libctru/lib/libctru.a(httpc.o)
                0x000000000010bb3c                httpcOpenContext
 .text.httpcCloseContext
                0x000000000010bc84       0x44 /opt/devkitpro/libctru/lib/libctru.a(httpc.o)
                0x000000000010bc84                httpcCloseContext
 .text.httpcAddRequestHeaderField
                0x000000000010bcc8       0x80 /opt/devkitpro/libctru/lib/libctru.a(httpc.o)
                0x000000000010bcc8                httpcAddRequestHeaderField
 .text.httpcAddPostDataAscii
                0x000000000010bd48       0x80 /opt/devkitpro/libctru/lib/libctru.a(httpc.o)
                0x000000000010bd48                httpcAddPostDataAscii
 .text.httpcBeginRequest
                0x000000000010bdc8       0x30 /opt/devkitpro/libctru/lib/libctru.a(httpc.o)
                0x000000000010bdc8                httpcBeginRequest
 .text.httpcReceiveData
                0x000000000010bdf8       0x44 /opt/devkitpro/libctru/lib/libctru.a(httpc.o)
                0x000000000010bdf8                httpcReceiveData
 .text.httpcDownloadData
                0x000000000010be3c      0x104 /opt/devkitpro/libctru/lib/libctru.a(httpc.o)
                0x000000000010be3c                httpcDownloadData
 .text.httpcGetResponseStatusCodeTimeout
                0x000000000010bf40       0x44 /opt/devkitpro/libctru/lib/libctru.a(httpc.o)
                0x000000000010bf40                httpcGetResponseStatusCodeTimeout
 .text.httpcAddTrustedRootCA
                0x000000000010bf84       0x44 /opt/devkitpro/libctru/lib/libctru.a(httpc.o)
                0x000000000010bf84                httpcAddTrustedRootCA
 .text.fsSessionForArchive.part.0
                0x000000000010bfc8       0x28 /opt/devkitpro/libctru/lib/libctru.a(fs.o)
 .text.fsInit   0x000000000010bff0       0xcc /opt/devkitpro/libctru/lib/libctru.a(fs.o)
                0x000000000010bff0                fsInit
 .text.fsExit   0x000000000010c0bc       0x38 /opt/devkitpro/libctru/lib/libctru.a(fs.o)
                0x000000000010c0bc                fsExit
 .text.fsExemptFromSession
                0x000000000010c0f4       0x74 /opt/devkitpro/libctru/lib/libctru.a(fs.o)
                0x000000000010c0f4                fsExemptFromSession
 .text.fsUnexemptFromSession
                0x000000000010c168       0x54 /opt/devkitpro/libctru/lib/libctru.a(fs.o)
                0x000000000010c168                fsUnexemptFromSession
 .text.FSUSER_OpenFile
                0x000000000010c1bc       0xbc /opt/devkitpro/libctru/lib/libctru.a(fs.o)
                0x000000000010c1bc                FSUSER_OpenFile
 .text.FSUSER_OpenFileDirectly
                0x000000000010c278       0xd4 /opt/devkitpro/libctru/lib/libctru.a(fs.o)
                0x000000000010c278                FSUSER_OpenFileDirectly
 .text.FSUSER_DeleteFile
                0x000000000010c34c       0xa4 /opt/devkitpro/libctru/lib/libctru.a(fs.o)
                0x000000000010c34c                FSUSER_DeleteFile
 .text.FSUSER_RenameFile
                0x000000000010c3f0       0xe0 /opt/devkitpro/libctru/lib/libctru.a(fs.o)
                0x000000000010c3f0                FSUSER_RenameFile
 .text.FSUSER_DeleteDirectory
                0x000000000010c4d0       0xa4 /opt/devkitpro/libctru/lib/libctru.a(fs.o)
                0x000000000010c4d0                FSUSER_DeleteDirectory
 .text.FSUSER_CreateFile
                0x000000000010c574       0xbc /opt/devkitpro/libctru/lib/libctru.a(fs.o)
                0x000000000010c574                FSUSER_CreateFile
 .text.FSUSER_CreateDirectory
                0x000000000010c630       0xac /opt/devkitpro/libctru/lib/libctru.a(fs.o)
                0x000000000010c630                FSUSER_CreateDirectory
 .text.FSUSER_RenameDirectory
                0x000000000010c6dc       0xe0 /opt/devkitpro/libctru/lib/libctru.a(fs.o)
                0x000000000010c6dc                FSUSER_RenameDirectory
 .text.FSUSER_OpenDirectory
                0x000000000010c7bc       0xa4 /opt/devkitpro/libctru/lib/libctru.a(fs.o)
                0x000000000010c7bc                FSUSER_OpenDirectory
 .text.FSUSER_OpenArchive
                0x000000000010c860       0x9c /opt/devkitpro/libctru/lib/libctru.a(fs.o)
                0x000000000010c860                FSUSER_OpenArchive
 .text.FSUSER_CloseArchive
                0x000000000010c8fc       0x74 /opt/devkitpro/libctru/lib/libctru.a(fs.o)
                0x000000000010c8fc                FSUSER_CloseArchive
 .text.FSUSER_GetSdmcArchiveResource
                0x000000000010c970       0x78 /opt/devkitpro/libctru/lib/libctru.a(fs.o)
                0x000000000010c970                FSUSER_GetSdmcArchiveResource
 .text.FSUSER_IsSdmcWritable
                0x000000000010c9e8       0x64 /opt/devkitpro/libctru/lib/libctru.a(fs.o)
                0x000000000010c9e8                FSUSER_IsSdmcWritable
 .text.FSFILE_Read
                0x000000000010ca4c       0x5c /opt/devkitpro/libctru/lib/libctru.a(fs.o)
                0x000000000010ca4c                FSFILE_Read
 .text.FSFILE_Write
                0x000000000010caa8       0x64 /opt/devkitpro/libctru/lib/libctru.a(fs.o)
                0x000000000010caa8                FSFILE_Write
 .text.FSFILE_GetSize
                0x000000000010cb0c       0x3c /opt/devkitpro/libctru/lib/libctru.a(fs.o)
                0x000000000010cb0c                FSFILE_GetSize
 .text.FSFILE_SetSize
                0x000000000010cb48       0x2c /opt/devkitpro/libctru/lib/libctru.a(fs.o)
                0x000000000010cb48                FSFILE_SetSize
 .text.FSFILE_Close
                0x000000000010cb74       0x3c /opt/devkitpro/libctru/lib/libctru.a(fs.o)
                0x000000000010cb74                FSFILE_Close
 .text.FSFILE_Flush
                0x000000000010cbb0       0x24 /opt/devkitpro/libctru/lib/libctru.a(fs.o)
                0x000000000010cbb0                FSFILE_Flush
 .text.FSDIR_Read
                0x000000000010cbd4       0x54 /opt/devkitpro/libctru/lib/libctru.a(fs.o)
                0x000000000010cbd4                FSDIR_Read
 .text.FSDIR_Close
                0x000000000010cc28       0x3c /opt/devkitpro/libctru/lib/libctru.a(fs.o)
                0x000000000010cc28                FSDIR_Close
 .text.rbtree_init
                0x000000000010cc64       0x14 /opt/devkitpro/libctru/lib/libctru.a(rbtree_init.o)
                0x000000000010cc64                rbtree_init
 .text.do_insert
                0x000000000010cc78      0x1d4 /opt/devkitpro/libctru/lib/libctru.a(rbtree_insert.o)
 .text.rbtree_insert
                0x000000000010ce4c        0x8 /opt/devkitpro/libctru/lib/libctru.a(rbtree_insert.o)
                0x000000000010ce4c                rbtree_insert
 .text.rbtree_rotate
                0x000000000010ce54       0xac /opt/devkitpro/libctru/lib/libctru.a(rbtree_rotate.o)
                0x000000000010ce54                rbtree_rotate
 .text.rbtree_remove
                0x000000000010cf00      0x35c /opt/devkitpro/libctru/lib/libctru.a(rbtree_remove.o)
                0x000000000010cf00                rbtree_remove
 .text.rbtree_find
                0x000000000010d25c       0x70 /opt/devkitpro/libctru/lib/libctru.a(rbtree_find.o)
                0x000000000010d25c                rbtree_find
 .text.utf8_to_utf16
                0x000000000010d2cc       0xbc /opt/devkitpro/libctru/lib/libctru.a(utf8_to_utf16.o)
                0x000000000010d2cc                utf8_to_utf16
 .text.decode_utf8
                0x000000000010d388      0x138 /opt/devkitpro/libctru/lib/libctru.a(decode_utf8.o)
                0x000000000010d388                decode_utf8
 .text.__libctru_init
                0x000000000010d4c0       0x38 /opt/devkitpro/libctru/lib/libctru.a(initSystem.o)
                0x000000000010d4c0                __libctru_init
 .text.__ctru_get_reent
                0x000000000010d4f8       0x30 /opt/devkitpro/libctru/lib/libctru.a(syscalls.o)
 .text.__system_initSyscalls
                0x000000000010d528       0xe8 /opt/devkitpro/libctru/lib/libctru.a(syscalls.o)
                0x000000000010d528                __system_initSyscalls
 .text.osGetMemRegionSize
                0x000000000010d610       0x58 /opt/devkitpro/libctru/lib/libctru.a(allocateHeaps.o)
 .text.__system_allocateHeaps
                0x000000000010d668      0x124 /opt/devkitpro/libctru/lib/libctru.a(allocateHeaps.o)
                0x000000000010d668                __system_allocateHeaps
 .text.__system_initArgv
                0x000000000010d78c       0xf4 /opt/devkitpro/libctru/lib/libctru.a(initArgv.o)
                0x000000000010d78c                __system_initArgv
 .text.svcControlMemory
                0x000000000010d880       0x20 /opt/devkitpro/libctru/lib/libctru.a(svc.o)
                0x000000000010d880                svcControlMemory
 .text.svcExitProcess
                0x000000000010d8a0        0x8 /opt/devkitpro/libctru/lib/libctru.a(svc.o)
                0x000000000010d8a0                svcExitProcess
 .text.svcCreateThread
                0x000000000010d8a8       0x20 /opt/devkitpro/libctru/lib/libctru.a(svc.o)
                0x000000000010d8a8                svcCreateThread
 .text.svcExitThread
                0x000000000010d8c8        0x8 /opt/devkitpro/libctru/lib/libctru.a(svc.o)
                0x000000000010d8c8                svcExitThread
 .text.svcSleepThread
                0x000000000010d8d0        0x8 /opt/devkitpro/libctru/lib/libctru.a(svc.o)
                0x000000000010d8d0                svcSleepThread
 .text.svcReleaseMutex
                0x000000000010d8d8        0x8 /opt/devkitpro/libctru/lib/libctru.a(svc.o)
                0x000000000010d8d8                svcReleaseMutex
 .text.svcCreateEvent
                0x000000000010d8e0       0x14 /opt/devkitpro/libctru/lib/libctru.a(svc.o)
                0x000000000010d8e0                svcCreateEvent
 .text.svcSignalEvent
                0x000000000010d8f4        0x8 /opt/devkitpro/libctru/lib/libctru.a(svc.o)
                0x000000000010d8f4                svcSignalEvent
 .text.svcClearEvent
                0x000000000010d8fc        0x8 /opt/devkitpro/libctru/lib/libctru.a(svc.o)
                0x000000000010d8fc                svcClearEvent
 .text.svcCreateMemoryBlock
                0x000000000010d904       0x18 /opt/devkitpro/libctru/lib/libctru.a(svc.o)
                0x000000000010d904                svcCreateMemoryBlock
 .text.svcMapMemoryBlock
                0x000000000010d91c        0x8 /opt/devkitpro/libctru/lib/libctru.a(svc.o)
                0x000000000010d91c                svcMapMemoryBlock
 .text.svcUnmapMemoryBlock
                0x000000000010d924        0x8 /opt/devkitpro/libctru/lib/libctru.a(svc.o)
                0x000000000010d924                svcUnmapMemoryBlock
 .text.svcCreateAddressArbiter
                0x000000000010d92c       0x14 /opt/devkitpro/libctru/lib/libctru.a(svc.o)
                0x000000000010d92c                svcCreateAddressArbiter
 .text.svcArbitrateAddress
                0x000000000010d940       0x18 /opt/devkitpro/libctru/lib/libctru.a(svc.o)
                0x000000000010d940                svcArbitrateAddress
 .text.svcCloseHandle
                0x000000000010d958        0x8 /opt/devkitpro/libctru/lib/libctru.a(svc.o)
                0x000000000010d958                svcCloseHandle
 .text.svcWaitSynchronization
                0x000000000010d960        0x8 /opt/devkitpro/libctru/lib/libctru.a(svc.o)
                0x000000000010d960                svcWaitSynchronization
 .text.svcWaitSynchronizationN
                0x000000000010d968       0x28 /opt/devkitpro/libctru/lib/libctru.a(svc.o)
                0x000000000010d968                svcWaitSynchronizationN
 .text.svcDuplicateHandle
                0x000000000010d990       0x14 /opt/devkitpro/libctru/lib/libctru.a(svc.o)
                0x000000000010d990                svcDuplicateHandle
 .text.svcGetSystemTick
                0x000000000010d9a4        0x8 /opt/devkitpro/libctru/lib/libctru.a(svc.o)
                0x000000000010d9a4                svcGetSystemTick
 .text.svcGetSystemInfo
                0x000000000010d9ac       0x18 /opt/devkitpro/libctru/lib/libctru.a(svc.o)
                0x000000000010d9ac                svcGetSystemInfo
 .text.svcConnectToPort
                0x000000000010d9c4       0x14 /opt/devkitpro/libctru/lib/libctru.a(svc.o)
                0x000000000010d9c4                svcConnectToPort
 .text.svcSendSyncRequest
                0x000000000010d9d8        0x8 /opt/devkitpro/libctru/lib/libctru.a(svc.o)
                0x000000000010d9d8                svcSendSyncRequest
 .text.svcBreak
                0x000000000010d9e0        0x8 /opt/devkitpro/libctru/lib/libctru.a(svc.o)
                0x000000000010d9e0                svcBreak
 .text.svcOutputDebugString
                0x000000000010d9e8        0x8 /opt/devkitpro/libctru/lib/libctru.a(svc.o)
                0x000000000010d9e8                svcOutputDebugString
 .text._ZL21addrMapNodeComparatorPK11rbtree_nodeS1_
                0x000000000010d9f0       0x24 /opt/devkitpro/libctru/lib/libctru.a(vram.o)
 .text._ZL21addrMapNodeDestructorP11rbtree_node
                0x000000000010da14        0x4 /opt/devkitpro/libctru/lib/libctru.a(vram.o)
 .text.vramMemAlign
                0x000000000010da18      0x130 /opt/devkitpro/libctru/lib/libctru.a(vram.o)
                0x000000000010da18                vramMemAlign
 .text.vramAlloc
                0x000000000010db48        0x8 /opt/devkitpro/libctru/lib/libctru.a(vram.o)
                0x000000000010db48                vramAlloc
 .text.vramFree
                0x000000000010db50       0x50 /opt/devkitpro/libctru/lib/libctru.a(vram.o)
                0x000000000010db50                vramFree
 .text.LightLock_Unlock.part.1
                0x000000000010dba0       0x34 /opt/devkitpro/libctru/lib/libctru.a(synchronization.o)
 .text.__sync_init
                0x000000000010dbd4        0xc /opt/devkitpro/libctru/lib/libctru.a(synchronization.o)
                0x000000000010dbd4                __sync_init
 .text.__sync_fini
                0x000000000010dbe0       0x18 /opt/devkitpro/libctru/lib/libctru.a(synchronization.o)
                0x000000000010dbe0                __sync_fini
 .text.__sync_get_arbiter
                0x000000000010dbf8       0x10 /opt/devkitpro/libctru/lib/libctru.a(synchronization.o)
                0x000000000010dbf8                __sync_get_arbiter
 .text.LightLock_Init
                0x000000000010dc08       0x18 /opt/devkitpro/libctru/lib/libctru.a(synchronization.o)
                0x000000000010dc08                LightLock_Init
 .text.LightLock_Lock
                0x000000000010dc20       0x94 /opt/devkitpro/libctru/lib/libctru.a(synchronization.o)
                0x000000000010dc20                LightLock_Lock
 .text.LightLock_TryLock
                0x000000000010dcb4       0x34 /opt/devkitpro/libctru/lib/libctru.a(synchronization.o)
                0x000000000010dcb4                LightLock_TryLock
 .text.LightLock_Unlock
                0x000000000010dce8       0x20 /opt/devkitpro/libctru/lib/libctru.a(synchronization.o)
                0x000000000010dce8                LightLock_Unlock
 .text.RecursiveLock_Init
                0x000000000010dd08       0x24 /opt/devkitpro/libctru/lib/libctru.a(synchronization.o)
                0x000000000010dd08                RecursiveLock_Init
 .text.RecursiveLock_Lock
                0x000000000010dd2c       0x30 /opt/devkitpro/libctru/lib/libctru.a(synchronization.o)
                0x000000000010dd2c                RecursiveLock_Lock
 .text.RecursiveLock_TryLock
                0x000000000010dd5c       0x58 /opt/devkitpro/libctru/lib/libctru.a(synchronization.o)
                0x000000000010dd5c                RecursiveLock_TryLock
 .text.RecursiveLock_Unlock
                0x000000000010ddb4       0x38 /opt/devkitpro/libctru/lib/libctru.a(synchronization.o)
                0x000000000010ddb4                RecursiveLock_Unlock
 .text.LightEvent_Init
                0x000000000010ddec       0x38 /opt/devkitpro/libctru/lib/libctru.a(synchronization.o)
                0x000000000010ddec                LightEvent_Init
 .text.LightEvent_Clear
                0x000000000010de24       0x7c /opt/devkitpro/libctru/lib/libctru.a(synchronization.o)
                0x000000000010de24                LightEvent_Clear
 .text.LightEvent_Signal
                0x000000000010dea0       0xdc /opt/devkitpro/libctru/lib/libctru.a(synchronization.o)
                0x000000000010dea0                LightEvent_Signal
 .text.LightEvent_Wait
                0x000000000010df7c       0xc8 /opt/devkitpro/libctru/lib/libctru.a(synchronization.o)
                0x000000000010df7c                LightEvent_Wait
 .text.envGetHandle
                0x000000000010e044       0x94 /opt/devkitpro/libctru/lib/libctru.a(env.o)
                0x000000000010e044                envGetHandle
 .text.envDestroyHandles
                0x000000000010e0d8       0x4c /opt/devkitpro/libctru/lib/libctru.a(env.o)
                0x000000000010e0d8                envDestroyHandles
 .text.getSysTime
                0x000000000010e124       0x58 /opt/devkitpro/libctru/lib/libctru.a(os.o)
 .text.osGetMemRegionUsed
                0x000000000010e17c       0x24 /opt/devkitpro/libctru/lib/libctru.a(os.o)
                0x000000000010e17c                osGetMemRegionUsed
 .text.__libctru_gtod
                0x000000000010e1a0       0xf8 /opt/devkitpro/libctru/lib/libctru.a(os.o)
                0x000000000010e1a0                __libctru_gtod
 .text.__ctru_speedup_config
                0x000000000010e298       0x34 /opt/devkitpro/libctru/lib/libctru.a(os.o)
                0x000000000010e298                __ctru_speedup_config
 .text.srvExit  0x000000000010e2cc       0x50 /opt/devkitpro/libctru/lib/libctru.a(srv.o)
                0x000000000010e2cc                srvExit
 .text.srvRegisterClient
                0x000000000010e31c       0x38 /opt/devkitpro/libctru/lib/libctru.a(srv.o)
                0x000000000010e31c                srvRegisterClient
 .text.srvInit  0x000000000010e354       0x70 /opt/devkitpro/libctru/lib/libctru.a(srv.o)
                0x000000000010e354                srvInit
 .text.srvGetServiceHandleDirect
                0x000000000010e3c4       0x68 /opt/devkitpro/libctru/lib/libctru.a(srv.o)
                0x000000000010e3c4                srvGetServiceHandleDirect
 .text.srvGetServiceHandle
                0x000000000010e42c       0x38 /opt/devkitpro/libctru/lib/libctru.a(srv.o)
                0x000000000010e42c                srvGetServiceHandle
 .text.threadCreate
                0x000000000010e464      0x1c8 /opt/devkitpro/libctru/lib/libctru.a(thread.o)
                0x000000000010e464                threadCreate
 .text.threadJoin
                0x000000000010e62c       0x24 /opt/devkitpro/libctru/lib/libctru.a(thread.o)
                0x000000000010e62c                threadJoin
 .text.threadExit
                0x000000000010e650       0x6c /opt/devkitpro/libctru/lib/libctru.a(thread.o)
                0x000000000010e650                threadExit
 .text._thread_begin
                0x000000000010e6bc       0x3c /opt/devkitpro/libctru/lib/libctru.a(thread.o)
 .text.irrstScanInput
                0x000000000010e6f8       0xb0 /opt/devkitpro/libctru/lib/libctru.a(irrst.o)
                0x000000000010e6f8                irrstScanInput
 .text.irrstKeysHeld
                0x000000000010e7a8       0x1c /opt/devkitpro/libctru/lib/libctru.a(irrst.o)
                0x000000000010e7a8                irrstKeysHeld
 .text.IRRST_GetHandles
                0x000000000010e7c4       0x50 /opt/devkitpro/libctru/lib/libctru.a(irrst.o)
                0x000000000010e7c4                IRRST_GetHandles
 .text.irrstInit
                0x000000000010e814      0x148 /opt/devkitpro/libctru/lib/libctru.a(irrst.o)
                0x000000000010e814                irrstInit
 .text.IRRST_Shutdown
                0x000000000010e95c       0x2c /opt/devkitpro/libctru/lib/libctru.a(irrst.o)
                0x000000000010e95c                IRRST_Shutdown
 .text.irrstExit
                0x000000000010e988       0xb0 /opt/devkitpro/libctru/lib/libctru.a(irrst.o)
                0x000000000010e988                irrstExit
 .text.ptmSysmInit
                0x000000000010ea38       0x70 /opt/devkitpro/libctru/lib/libctru.a(ptmsysm.o)
                0x000000000010ea38                ptmSysmInit
 .text.ptmSysmExit
                0x000000000010eaa8       0x34 /opt/devkitpro/libctru/lib/libctru.a(ptmsysm.o)
                0x000000000010eaa8                ptmSysmExit
 .text.PTMSYSM_ConfigureNew3DSCPU
                0x000000000010eadc       0x34 /opt/devkitpro/libctru/lib/libctru.a(ptmsysm.o)
                0x000000000010eadc                PTMSYSM_ConfigureNew3DSCPU
 .text.rbtree_node_next
                0x000000000010eb10       0x8c /opt/devkitpro/libctru/lib/libctru.a(rbtree_iterator.o)
                0x000000000010eb10                rbtree_node_next
 .text.encode_utf16
                0x000000000010eb9c       0x68 /opt/devkitpro/libctru/lib/libctru.a(encode_utf16.o)
                0x000000000010eb9c                encode_utf16
 .text.__appInit
                0x000000000010ec04       0x1c /opt/devkitpro/libctru/lib/libctru.a(appInit.o)
                0x000000000010ec04                __appInit
 .text.__appExit
                0x000000000010ec20       0x1c /opt/devkitpro/libctru/lib/libctru.a(appExit.o)
                0x000000000010ec20                __appExit
 .text.__libctru_exit
                0x000000000010ec3c       0xa4 /opt/devkitpro/libctru/lib/libctru.a(ctru_exit.o)
                0x000000000010ec3c                __libctru_exit
 .text.sdmc_link
                0x000000000010ece0       0x10 /opt/devkitpro/libctru/lib/libctru.a(sdmc_dev.o)
 .text.sdmc_dirreset
                0x000000000010ecf0       0x10 /opt/devkitpro/libctru/lib/libctru.a(sdmc_dev.o)
 .text.sdmc_chmod
                0x000000000010ed00       0x10 /opt/devkitpro/libctru/lib/libctru.a(sdmc_dev.o)
 .text.sdmc_fchmod
                0x000000000010ed10       0x10 /opt/devkitpro/libctru/lib/libctru.a(sdmc_dev.o)
 .text.error_cmp
                0x000000000010ed20       0x24 /opt/devkitpro/libctru/lib/libctru.a(sdmc_dev.o)
 .text.sdmc_translate_error
                0x000000000010ed44       0x50 /opt/devkitpro/libctru/lib/libctru.a(sdmc_dev.o)
 .text.sdmc_fsync
                0x000000000010ed94       0x34 /opt/devkitpro/libctru/lib/libctru.a(sdmc_dev.o)
 .text.sdmc_ftruncate
                0x000000000010edc8       0x54 /opt/devkitpro/libctru/lib/libctru.a(sdmc_dev.o)
 .text.sdmc_statvfs
                0x000000000010ee1c       0xac /opt/devkitpro/libctru/lib/libctru.a(sdmc_dev.o)
 .text.sdmc_dirclose
                0x000000000010eec8       0x38 /opt/devkitpro/libctru/lib/libctru.a(sdmc_dev.o)
 .text.sdmc_dirnext
                0x000000000010ef00      0x13c /opt/devkitpro/libctru/lib/libctru.a(sdmc_dev.o)
 .text.sdmc_close
                0x000000000010f03c       0x34 /opt/devkitpro/libctru/lib/libctru.a(sdmc_dev.o)
 .text.sdmc_fstat
                0x000000000010f070       0x74 /opt/devkitpro/libctru/lib/libctru.a(sdmc_dev.o)
 .text.sdmc_seek
                0x000000000010f0e4       0xc0 /opt/devkitpro/libctru/lib/libctru.a(sdmc_dev.o)
 .text.sdmc_read
                0x000000000010f1a4       0x8c /opt/devkitpro/libctru/lib/libctru.a(sdmc_dev.o)
 .text.sdmc_write_safe
                0x000000000010f230      0x110 /opt/devkitpro/libctru/lib/libctru.a(sdmc_dev.o)
 .text.sdmc_utf16path
                0x000000000010f340      0x1b4 /opt/devkitpro/libctru/lib/libctru.a(sdmc_dev.o)
 .text.sdmc_rmdir
                0x000000000010f4f4       0x74 /opt/devkitpro/libctru/lib/libctru.a(sdmc_dev.o)
 .text.sdmc_diropen
                0x000000000010f568       0xa8 /opt/devkitpro/libctru/lib/libctru.a(sdmc_dev.o)
 .text.sdmc_chdir
                0x000000000010f610       0xa0 /opt/devkitpro/libctru/lib/libctru.a(sdmc_dev.o)
 .text.sdmc_mkdir
                0x000000000010f6b0       0x98 /opt/devkitpro/libctru/lib/libctru.a(sdmc_dev.o)
 .text.sdmc_rename
                0x000000000010f748      0x108 /opt/devkitpro/libctru/lib/libctru.a(sdmc_dev.o)
 .text.sdmc_unlink
                0x000000000010f850       0x74 /opt/devkitpro/libctru/lib/libctru.a(sdmc_dev.o)
 .text.sdmc_stat
                0x000000000010f8c4      0x108 /opt/devkitpro/libctru/lib/libctru.a(sdmc_dev.o)
 .text.sdmc_open
                0x000000000010f9cc      0x188 /opt/devkitpro/libctru/lib/libctru.a(sdmc_dev.o)
 .text.sdmcInit
                0x000000000010fb54      0x15c /opt/devkitpro/libctru/lib/libctru.a(sdmc_dev.o)
                0x000000000010fb54                sdmcInit
 .text.sdmcExit
                0x000000000010fcb0       0x54 /opt/devkitpro/libctru/lib/libctru.a(sdmc_dev.o)
                0x000000000010fcb0                sdmcExit
 .text.utf16_to_utf8
                0x000000000010fd04       0xe4 /opt/devkitpro/libctru/lib/libctru.a(utf16_to_utf8.o)
                0x000000000010fd04                utf16_to_utf8
 .text.__aeabi_read_tp
                0x000000000010fde8        0xc /opt/devkitpro/libctru/lib/libctru.a(readtp.o)
                0x000000000010fde8                __aeabi_read_tp
 .text.encode_utf8
                0x000000000010fdf4      0x104 /opt/devkitpro/libctru/lib/libctru.a(encode_utf8.o)
                0x000000000010fdf4                encode_utf8
 .text.decode_utf16
                0x000000000010fef8       0x60 /opt/devkitpro/libctru/lib/libctru.a(decode_utf16.o)
                0x000000000010fef8                decode_utf16
 .text._ZN8tinyxml27XMLNode9ToElementEv
                0x000000000010ff58        0x8 /opt/devkitpro/portlibs/armv6k/lib/libtinyxml2.a(tinyxml2.cpp.obj)
                0x000000000010ff58                tinyxml2::XMLNode::ToElement()
 .text._ZN8tinyxml27XMLNode6ToTextEv
                0x000000000010ff60        0x8 /opt/devkitpro/portlibs/armv6k/lib/libtinyxml2.a(tinyxml2.cpp.obj)
                0x000000000010ff60                tinyxml2::XMLNode::ToText()
 .text._ZN8tinyxml27XMLNode9ToCommentEv
                0x000000000010ff68        0x8 /opt/devkitpro/portlibs/armv6k/lib/libtinyxml2.a(tinyxml2.cpp.obj)
                0x000000000010ff68                tinyxml2::XMLNode::ToComment()
 .text._ZN8tinyxml27XMLNode10ToDocumentEv
                0x000000000010ff70        0x8 /opt/devkitpro/portlibs/armv6k/lib/libtinyxml2.a(tinyxml2.cpp.obj)
                0x000000000010ff70                tinyxml2::XMLNode::ToDocument()
 .text._ZN8tinyxml27XMLNode13ToDeclarationEv
                0x000000000010ff78        0x8 /opt/devkitpro/portlibs/armv6k/lib/libtinyxml2.a(tinyxml2.cpp.obj)
                0x000000000010ff78                tinyxml2::XMLNode::ToDeclaration()
 .text._ZN8tinyxml27XMLNode9ToUnknownEv
                0x000000000010ff80        0x8 /opt/devkitpro/portlibs/armv6k/lib/libtinyxml2.a(tinyxml2.cpp.obj)
                0x000000000010ff80                tinyxml2::XMLNode::ToUnknown()
 .text._ZNK8tinyxml27XMLNode9ToElementEv
                0x000000000010ff88        0x8 /opt/devkitpro/portlibs/armv6k/lib/libtinyxml2.a(tinyxml2.cpp.obj)
                0x000000000010ff88                tinyxml2::XMLNode::ToElement() const
 .text._ZNK8tinyxml27XMLNode6ToTextEv
                0x000000000010ff90        0x8 /opt/devkitpro/portlibs/armv6k/lib/libtinyxml2.a(tinyxml2.cpp.obj)
                0x000000000010ff90                tinyxml2::XMLNode::ToText() const
 .text._ZNK8tinyxml27XMLNode9ToCommentEv
                0x000000000010ff98        0x8 /opt/devkitpro/portlibs/armv6k/lib/libtinyxml2.a(tinyxml2.cpp.obj)
                0x000000000010ff98                tinyxml2::XMLNode::ToComment() const
 .text._ZNK8tinyxml27XMLNode10ToDocumentEv
                0x000000000010ffa0        0x8 /opt/devkitpro/portlibs/armv6k/lib/libtinyxml2.a(tinyxml2.cpp.obj)
                0x000000000010ffa0                tinyxml2::XMLNode::ToDocument() const
 .text._ZNK8tinyxml27XMLNode13ToDeclarationEv
                0x000000000010ffa8        0x8 /opt/devkitpro/portlibs/armv6k/lib/libtinyxml2.a(tinyxml2.cpp.obj)
                0x000000000010ffa8                tinyxml2::XMLNode::ToDeclaration() const
 .text._ZNK8tinyxml27XMLNode9ToUnknownEv
                0x000000000010ffb0        0x8 /opt/devkitpro/portlibs/armv6k/lib/libtinyxml2.a(tinyxml2.cpp.obj)
                0x000000000010ffb0                tinyxml2::XMLNode::ToUnknown() const
 .text._ZN8tinyxml27XMLText6ToTextEv
                0x000000000010ffb8        0x4 /opt/devkitpro/portlibs/armv6k/lib/libtinyxml2.a(tinyxml2.cpp.obj)
                0x000000000010ffb8                tinyxml2::XMLText::ToText()
 .text._ZNK8tinyxml27XMLText6ToTextEv
                0x000000000010ffbc        0x4 /opt/devkitpro/portlibs/armv6k/lib/libtinyxml2.a(tinyxml2.cpp.obj)
                0x000000000010ffbc                tinyxml2::XMLText::ToText() const
 .text._ZN8tinyxml210XMLComment9ToCommentEv
                0x000000000010ffc0        0x4 /opt/devkitpro/portlibs/armv6k/lib/libtinyxml2.a(tinyxml2.cpp.obj)
                0x000000000010ffc0                tinyxml2::XMLComment::ToComment()
 .text._ZNK8tinyxml210XMLComment9ToCommentEv
                0x000000000010ffc4        0x4 /opt/devkitpro/portlibs/armv6k/lib/libtinyxml2.a(tinyxml2.cpp.obj)
                0x000000000010ffc4                tinyxml2::XMLComment::ToComment() const
 .text._ZN8tinyxml214XMLDeclaration13ToDeclarationEv
                0x000000000010ffc8        0x4 /opt/devkitpro/portlibs/armv6k/lib/libtinyxml2.a(tinyxml2.cpp.obj)
                0x000000000010ffc8                tinyxml2::XMLDeclaration::ToDeclaration()
 .text._ZNK8tinyxml214XMLDeclaration13ToDeclarationEv
                0x000000000010ffcc        0x4 /opt/devkitpro/portlibs/armv6k/lib/libtinyxml2.a(tinyxml2.cpp.obj)
                0x000000000010ffcc                tinyxml2::XMLDeclaration::ToDeclaration() const
 .text._ZN8tinyxml210XMLUnknown9ToUnknownEv
                0x000000000010ffd0        0x4 /opt/devkitpro/portlibs/armv6k/lib/libtinyxml2.a(tinyxml2.cpp.obj)
                0x000000000010ffd0                tinyxml2::XMLUnknown::ToUnknown()
 .text._ZNK8tinyxml210XMLUnknown9ToUnknownEv
                0x000000000010ffd4        0x4 /opt/devkitpro/portlibs/armv6k/lib/libtinyxml2.a(tinyxml2.cpp.obj)
                0x000000000010ffd4                tinyxml2::XMLUnknown::ToUnknown() const
 .text._ZN8tinyxml210XMLElement9ToElementEv
                0x000000000010ffd8        0x4 /opt/devkitpro/portlibs/armv6k/lib/libtinyxml2.a(tinyxml2.cpp.obj)
                0x000000000010ffd8                tinyxml2::XMLElement::ToElement()
 .text._ZNK8tinyxml210XMLElement9ToElementEv
                0x000000000010ffdc        0x4 /opt/devkitpro/portlibs/armv6k/lib/libtinyxml2.a(tinyxml2.cpp.obj)
                0x000000000010ffdc                tinyxml2::XMLElement::ToElement() const
 .text._ZN8tinyxml211XMLDocument10ToDocumentEv
                0x000000000010ffe0        0x4 /opt/devkitpro/portlibs/armv6k/lib/libtinyxml2.a(tinyxml2.cpp.obj)
                0x000000000010ffe0                tinyxml2::XMLDocument::ToDocument()
 .text._ZNK8tinyxml211XMLDocument10ToDocumentEv
                0x000000000010ffe4        0x4 /opt/devkitpro/portlibs/armv6k/lib/libtinyxml2.a(tinyxml2.cpp.obj)
                0x000000000010ffe4                tinyxml2::XMLDocument::ToDocument() const
 .text._ZNK8tinyxml211XMLDocument12ShallowCloneEPS0_
                0x000000000010ffe8        0x8 /opt/devkitpro/portlibs/armv6k/lib/libtinyxml2.a(tinyxml2.cpp.obj)
                0x000000000010ffe8                tinyxml2::XMLDocument::ShallowClone(tinyxml2::XMLDocument*) const
 .text._ZNK8tinyxml211XMLDocument12ShallowEqualEPKNS_7XMLNodeE
                0x000000000010fff0        0x8 /opt/devkitpro/portlibs/armv6k/lib/libtinyxml2.a(tinyxml2.cpp.obj)
                0x000000000010fff0                tinyxml2::XMLDocument::ShallowEqual(tinyxml2::XMLNode const*) const
 .text._ZN8tinyxml210XMLPrinter9VisitExitERKNS_11XMLDocumentE
                0x000000000010fff8        0x8 /opt/devkitpro/portlibs/armv6k/lib/libtinyxml2.a(tinyxml2.cpp.obj)
                0x000000000010fff8                tinyxml2::XMLPrinter::VisitExit(tinyxml2::XMLDocument const&)
 .text._ZN8tinyxml210XMLPrinter11CompactModeERKNS_10XMLElementE
                0x0000000000110000        0x8 /opt/devkitpro/portlibs/armv6k/lib/libtinyxml2.a(tinyxml2.cpp.obj)
                0x0000000000110000                tinyxml2::XMLPrinter::CompactMode(tinyxml2::XMLElement const&)
 .text._ZNK8tinyxml211XMLDocument6AcceptEPNS_10XMLVisitorE
                0x0000000000110008       0x78 /opt/devkitpro/portlibs/armv6k/lib/libtinyxml2.a(tinyxml2.cpp.obj)
                0x0000000000110008                tinyxml2::XMLDocument::Accept(tinyxml2::XMLVisitor*) const
 .text._ZNK8tinyxml27XMLText6AcceptEPNS_10XMLVisitorE
                0x0000000000110080       0x18 /opt/devkitpro/portlibs/armv6k/lib/libtinyxml2.a(tinyxml2.cpp.obj)
                0x0000000000110080                tinyxml2::XMLText::Accept(tinyxml2::XMLVisitor*) const
 .text._ZNK8tinyxml210XMLComment6AcceptEPNS_10XMLVisitorE
                0x0000000000110098       0x18 /opt/devkitpro/portlibs/armv6k/lib/libtinyxml2.a(tinyxml2.cpp.obj)
                0x0000000000110098                tinyxml2::XMLComment::Accept(tinyxml2::XMLVisitor*) const
 .text._ZNK8tinyxml214XMLDeclaration6AcceptEPNS_10XMLVisitorE
                0x00000000001100b0       0x18 /opt/devkitpro/portlibs/armv6k/lib/libtinyxml2.a(tinyxml2.cpp.obj)
                0x00000000001100b0                tinyxml2::XMLDeclaration::Accept(tinyxml2::XMLVisitor*) const
 .text._ZNK8tinyxml210XMLUnknown6AcceptEPNS_10XMLVisitorE
                0x00000000001100c8       0x18 /opt/devkitpro/portlibs/armv6k/lib/libtinyxml2.a(tinyxml2.cpp.obj)
                0x00000000001100c8                tinyxml2::XMLUnknown::Accept(tinyxml2::XMLVisitor*) const
 .text._ZNK8tinyxml210XMLElement6AcceptEPNS_10XMLVisitorE
                0x00000000001100e0       0x7c /opt/devkitpro/portlibs/armv6k/lib/libtinyxml2.a(tinyxml2.cpp.obj)
                0x00000000001100e0                tinyxml2::XMLElement::Accept(tinyxml2::XMLVisitor*) const
 .text._ZNK8tinyxml28MemPoolTILi44EE8ItemSizeEv
                0x000000000011015c        0x8 /opt/devkitpro/portlibs/armv6k/lib/libtinyxml2.a(tinyxml2.cpp.obj)
                0x000000000011015c                tinyxml2::MemPoolT<44>::ItemSize() const
 .text._ZN8tinyxml28MemPoolTILi44EE4FreeEPv
                0x0000000000110164       0x24 /opt/devkitpro/portlibs/armv6k/lib/libtinyxml2.a(tinyxml2.cpp.obj)
                0x0000000000110164                tinyxml2::MemPoolT<44>::Free(void*)
 .text._ZN8tinyxml28MemPoolTILi44EE10SetTrackedEv
                0x0000000000110188       0x10 /opt/devkitpro/portlibs/armv6k/lib/libtinyxml2.a(tinyxml2.cpp.obj)
                0x0000000000110188                tinyxml2::MemPoolT<44>::SetTracked()
 .text._ZNK8tinyxml28MemPoolTILi48EE8ItemSizeEv
                0x0000000000110198        0x8 /opt/devkitpro/portlibs/armv6k/lib/libtinyxml2.a(tinyxml2.cpp.obj)
                0x0000000000110198                tinyxml2::MemPoolT<48>::ItemSize() const
 .text._ZN8tinyxml28MemPoolTILi48EE4FreeEPv
                0x00000000001101a0       0x24 /opt/devkitpro/portlibs/armv6k/lib/libtinyxml2.a(tinyxml2.cpp.obj)
                0x00000000001101a0                tinyxml2::MemPoolT<48>::Free(void*)
 .text._ZN8tinyxml28MemPoolTILi48EE10SetTrackedEv
                0x00000000001101c4       0x10 /opt/devkitpro/portlibs/armv6k/lib/libtinyxml2.a(tinyxml2.cpp.obj)
                0x00000000001101c4                tinyxml2::MemPoolT<48>::SetTracked()
 .text._ZNK8tinyxml28MemPoolTILi36EE8ItemSizeEv
                0x00000000001101d4        0x8 /opt/devkitpro/portlibs/armv6k/lib/libtinyxml2.a(tinyxml2.cpp.obj)
                0x00000000001101d4                tinyxml2::MemPoolT<36>::ItemSize() const
 .text._ZN8tinyxml28MemPoolTILi36EE4FreeEPv
                0x00000000001101dc       0x24 /opt/devkitpro/portlibs/armv6k/lib/libtinyxml2.a(tinyxml2.cpp.obj)
                0x00000000001101dc                tinyxml2::MemPoolT<36>::Free(void*)
 .text._ZN8tinyxml28MemPoolTILi36EE10SetTrackedEv
                0x0000000000110200       0x10 /opt/devkitpro/portlibs/armv6k/lib/libtinyxml2.a(tinyxml2.cpp.obj)
                0x0000000000110200                tinyxml2::MemPoolT<36>::SetTracked()
 .text._ZNK8tinyxml28MemPoolTILi52EE8ItemSizeEv
                0x0000000000110210        0x8 /opt/devkitpro/portlibs/armv6k/lib/libtinyxml2.a(tinyxml2.cpp.obj)
                0x0000000000110210                tinyxml2::MemPoolT<52>::ItemSize() const
 .text._ZN8tinyxml28MemPoolTILi52EE4FreeEPv
                0x0000000000110218       0x24 /opt/devkitpro/portlibs/armv6k/lib/libtinyxml2.a(tinyxml2.cpp.obj)
                0x0000000000110218                tinyxml2::MemPoolT<52>::Free(void*)
 .text._ZN8tinyxml28MemPoolTILi52EE10SetTrackedEv
                0x000000000011023c       0x10 /opt/devkitpro/portlibs/armv6k/lib/libtinyxml2.a(tinyxml2.cpp.obj)
                0x000000000011023c                tinyxml2::MemPoolT<52>::SetTracked()
 .text._ZN8tinyxml210XMLPrinterD2Ev
                0x000000000011024c       0x4c /opt/devkitpro/portlibs/armv6k/lib/libtinyxml2.a(tinyxml2.cpp.obj)
                0x000000000011024c                tinyxml2::XMLPrinter::~XMLPrinter()
                0x000000000011024c                tinyxml2::XMLPrinter::~XMLPrinter()
 .text._ZN8tinyxml28MemPoolTILi52EE5ClearEv
                0x0000000000110298       0x50 /opt/devkitpro/portlibs/armv6k/lib/libtinyxml2.a(tinyxml2.cpp.obj)
                0x0000000000110298                tinyxml2::MemPoolT<52>::Clear()
 .text._ZN8tinyxml28MemPoolTILi36EE5ClearEv
                0x00000000001102e8       0x50 /opt/devkitpro/portlibs/armv6k/lib/libtinyxml2.a(tinyxml2.cpp.obj)
                0x00000000001102e8                tinyxml2::MemPoolT<36>::Clear()
 .text._ZN8tinyxml28MemPoolTILi48EE5ClearEv
                0x0000000000110338       0x50 /opt/devkitpro/portlibs/armv6k/lib/libtinyxml2.a(tinyxml2.cpp.obj)
                0x0000000000110338                tinyxml2::MemPoolT<48>::Clear()
 .text._ZN8tinyxml28MemPoolTILi44EE5ClearEv
                0x0000000000110388       0x50 /opt/devkitpro/portlibs/armv6k/lib/libtinyxml2.a(tinyxml2.cpp.obj)
                0x0000000000110388                tinyxml2::MemPoolT<44>::Clear()
 .text._ZN8tinyxml28MemPoolTILi44EE5AllocEv
                0x00000000001103d8      0x124 /opt/devkitpro/portlibs/armv6k/lib/libtinyxml2.a(tinyxml2.cpp.obj)
                0x00000000001103d8                tinyxml2::MemPoolT<44>::Alloc()
 .text._ZN8tinyxml28MemPoolTILi48EE5AllocEv
                0x00000000001104fc      0x11c /opt/devkitpro/portlibs/armv6k/lib/libtinyxml2.a(tinyxml2.cpp.obj)
                0x00000000001104fc                tinyxml2::MemPoolT<48>::Alloc()
 .text._ZN8tinyxml28MemPoolTILi52EE5AllocEv
                0x0000000000110618      0x124 /opt/devkitpro/portlibs/armv6k/lib/libtinyxml2.a(tinyxml2.cpp.obj)
                0x0000000000110618                tinyxml2::MemPoolT<52>::Alloc()
 .text._ZN8tinyxml28MemPoolTILi36EE5AllocEv
                0x000000000011073c      0x124 /opt/devkitpro/portlibs/armv6k/lib/libtinyxml2.a(tinyxml2.cpp.obj)
                0x000000000011073c                tinyxml2::MemPoolT<36>::Alloc()
 .text._ZN8tinyxml28MemPoolTILi52EED0Ev
                0x0000000000110860       0x84 /opt/devkitpro/portlibs/armv6k/lib/libtinyxml2.a(tinyxml2.cpp.obj)
                0x0000000000110860                tinyxml2::MemPoolT<52>::~MemPoolT()
 .text._ZN8tinyxml28MemPoolTILi44EED0Ev
                0x00000000001108e4       0x84 /opt/devkitpro/portlibs/armv6k/lib/libtinyxml2.a(tinyxml2.cpp.obj)
                0x00000000001108e4                tinyxml2::MemPoolT<44>::~MemPoolT()
 .text._ZN8tinyxml28MemPoolTILi36EED0Ev
                0x0000000000110968       0x84 /opt/devkitpro/portlibs/armv6k/lib/libtinyxml2.a(tinyxml2.cpp.obj)
                0x0000000000110968                tinyxml2::MemPoolT<36>::~MemPoolT()
 .text._ZN8tinyxml28MemPoolTILi48EED0Ev
                0x00000000001109ec       0x84 /opt/devkitpro/portlibs/armv6k/lib/libtinyxml2.a(tinyxml2.cpp.obj)
                0x00000000001109ec                tinyxml2::MemPoolT<48>::~MemPoolT()
 .text._ZN8tinyxml28MemPoolTILi36EED2Ev
                0x0000000000110a70       0x7c /opt/devkitpro/portlibs/armv6k/lib/libtinyxml2.a(tinyxml2.cpp.obj)
                0x0000000000110a70                tinyxml2::MemPoolT<36>::~MemPoolT()
                0x0000000000110a70                tinyxml2::MemPoolT<36>::~MemPoolT()
 .text._ZN8tinyxml28MemPoolTILi52EED2Ev
                0x0000000000110aec       0x7c /opt/devkitpro/portlibs/armv6k/lib/libtinyxml2.a(tinyxml2.cpp.obj)
                0x0000000000110aec                tinyxml2::MemPoolT<52>::~MemPoolT()
                0x0000000000110aec                tinyxml2::MemPoolT<52>::~MemPoolT()
 .text._ZN8tinyxml28MemPoolTILi48EED2Ev
                0x0000000000110b68       0x7c /opt/devkitpro/portlibs/armv6k/lib/libtinyxml2.a(tinyxml2.cpp.obj)
                0x0000000000110b68                tinyxml2::MemPoolT<48>::~MemPoolT()
                0x0000000000110b68                tinyxml2::MemPoolT<48>::~MemPoolT()
 .text._ZN8tinyxml28MemPoolTILi44EED2Ev
                0x0000000000110be4       0x7c /opt/devkitpro/portlibs/armv6k/lib/libtinyxml2.a(tinyxml2.cpp.obj)
                0x0000000000110be4                tinyxml2::MemPoolT<44>::~MemPoolT()
                0x0000000000110be4                tinyxml2::MemPoolT<44>::~MemPoolT()
 .text._ZN8tinyxml210XMLPrinterD0Ev
                0x0000000000110c60       0x54 /opt/devkitpro/portlibs/armv6k/lib/libtinyxml2.a(tinyxml2.cpp.obj)
                0x0000000000110c60                tinyxml2::XMLPrinter::~XMLPrinter()
 .text._ZN8tinyxml212XMLAttributeD2Ev
                0x0000000000110cb4       0x54 /opt/devkitpro/portlibs/armv6k/lib/libtinyxml2.a(tinyxml2.cpp.obj)
                0x0000000000110cb4                tinyxml2::XMLAttribute::~XMLAttribute()
                0x0000000000110cb4                tinyxml2::XMLAttribute::~XMLAttribute()
 .text._ZN8tinyxml212XMLAttributeD0Ev
                0x0000000000110d08       0x5c /opt/devkitpro/portlibs/armv6k/lib/libtinyxml2.a(tinyxml2.cpp.obj)
                0x0000000000110d08                tinyxml2::XMLAttribute::~XMLAttribute()
 .text._ZN8tinyxml214XMLDeclaration9ParseDeepEPcPNS_7StrPairE
                0x0000000000110d64       0xa8 /opt/devkitpro/portlibs/armv6k/lib/libtinyxml2.a(tinyxml2.cpp.obj)
                0x0000000000110d64                tinyxml2::XMLDeclaration::ParseDeep(char*, tinyxml2::StrPair*)
 .text._ZN8tinyxml210XMLComment9ParseDeepEPcPNS_7StrPairE
                0x0000000000110e0c       0xa8 /opt/devkitpro/portlibs/armv6k/lib/libtinyxml2.a(tinyxml2.cpp.obj)
                0x0000000000110e0c                tinyxml2::XMLComment::ParseDeep(char*, tinyxml2::StrPair*)
 .text._ZN8tinyxml210XMLUnknown9ParseDeepEPcPNS_7StrPairE
                0x0000000000110eb4       0x9c /opt/devkitpro/portlibs/armv6k/lib/libtinyxml2.a(tinyxml2.cpp.obj)
                0x0000000000110eb4                tinyxml2::XMLUnknown::ParseDeep(char*, tinyxml2::StrPair*)
 .text._ZN8tinyxml27XMLText9ParseDeepEPcPNS_7StrPairE
                0x0000000000110f50      0x180 /opt/devkitpro/portlibs/armv6k/lib/libtinyxml2.a(tinyxml2.cpp.obj)
                0x0000000000110f50                tinyxml2::XMLText::ParseDeep(char*, tinyxml2::StrPair*)
 .text._ZN8tinyxml27StrPair9ParseNameEPc
                0x00000000001110d0       0xe8 /opt/devkitpro/portlibs/armv6k/lib/libtinyxml2.a(tinyxml2.cpp.obj)
                0x00000000001110d0                tinyxml2::StrPair::ParseName(char*)
 .text._ZN8tinyxml27StrPair18CollapseWhitespaceEv
                0x00000000001111b8       0xd0 /opt/devkitpro/portlibs/armv6k/lib/libtinyxml2.a(tinyxml2.cpp.obj)
                0x00000000001111b8                tinyxml2::StrPair::CollapseWhitespace()
 .text._ZN8tinyxml27XMLUtil18ConvertUTF32ToUTF8EmPcPi
                0x0000000000111288       0xf8 /opt/devkitpro/portlibs/armv6k/lib/libtinyxml2.a(tinyxml2.cpp.obj)
                0x0000000000111288                tinyxml2::XMLUtil::ConvertUTF32ToUTF8(unsigned long, char*, int*)
 .text._ZN8tinyxml27XMLUtil15GetCharacterRefEPKcPcPi
                0x0000000000111380      0x164 /opt/devkitpro/portlibs/armv6k/lib/libtinyxml2.a(tinyxml2.cpp.obj)
                0x0000000000111380                tinyxml2::XMLUtil::GetCharacterRef(char const*, char*, int*)
 .text._ZN8tinyxml27StrPair6GetStrEv
                0x00000000001114e4      0x27c /opt/devkitpro/portlibs/armv6k/lib/libtinyxml2.a(tinyxml2.cpp.obj)
                0x00000000001114e4                tinyxml2::StrPair::GetStr()
 .text._ZNK8tinyxml27XMLText12ShallowEqualEPKNS_7XMLNodeE
                0x0000000000111760       0xe0 /opt/devkitpro/portlibs/armv6k/lib/libtinyxml2.a(tinyxml2.cpp.obj)
                0x0000000000111760                tinyxml2::XMLText::ShallowEqual(tinyxml2::XMLNode const*) const
 .text._ZNK8tinyxml210XMLComment12ShallowEqualEPKNS_7XMLNodeE
                0x0000000000111840       0xe0 /opt/devkitpro/portlibs/armv6k/lib/libtinyxml2.a(tinyxml2.cpp.obj)
                0x0000000000111840                tinyxml2::XMLComment::ShallowEqual(tinyxml2::XMLNode const*) const
 .text._ZNK8tinyxml214XMLDeclaration12ShallowEqualEPKNS_7XMLNodeE
                0x0000000000111920       0xe0 /opt/devkitpro/portlibs/armv6k/lib/libtinyxml2.a(tinyxml2.cpp.obj)
                0x0000000000111920                tinyxml2::XMLDeclaration::ShallowEqual(tinyxml2::XMLNode const*) const
 .text._ZNK8tinyxml210XMLUnknown12ShallowEqualEPKNS_7XMLNodeE
                0x0000000000111a00       0xe0 /opt/devkitpro/portlibs/armv6k/lib/libtinyxml2.a(tinyxml2.cpp.obj)
                0x0000000000111a00                tinyxml2::XMLUnknown::ShallowEqual(tinyxml2::XMLNode const*) const
 .text._ZNK8tinyxml210XMLElement12ShallowEqualEPKNS_7XMLNodeE
                0x0000000000111ae0      0x1b8 /opt/devkitpro/portlibs/armv6k/lib/libtinyxml2.a(tinyxml2.cpp.obj)
                0x0000000000111ae0                tinyxml2::XMLElement::ShallowEqual(tinyxml2::XMLNode const*) const
 .text._ZNK8tinyxml210XMLComment12ShallowCloneEPNS_11XMLDocumentE
                0x0000000000111c98      0x19c /opt/devkitpro/portlibs/armv6k/lib/libtinyxml2.a(tinyxml2.cpp.obj)
                0x0000000000111c98                tinyxml2::XMLComment::ShallowClone(tinyxml2::XMLDocument*) const
 .text._ZNK8tinyxml214XMLDeclaration12ShallowCloneEPNS_11XMLDocumentE
                0x0000000000111e34      0x1ac /opt/devkitpro/portlibs/armv6k/lib/libtinyxml2.a(tinyxml2.cpp.obj)
                0x0000000000111e34                tinyxml2::XMLDeclaration::ShallowClone(tinyxml2::XMLDocument*) const
 .text._ZNK8tinyxml210XMLUnknown12ShallowCloneEPNS_11XMLDocumentE
                0x0000000000111fe0      0x19c /opt/devkitpro/portlibs/armv6k/lib/libtinyxml2.a(tinyxml2.cpp.obj)
                0x0000000000111fe0                tinyxml2::XMLUnknown::ShallowClone(tinyxml2::XMLDocument*) const
 .text._ZNK8tinyxml27XMLText12ShallowCloneEPNS_11XMLDocumentE
                0x000000000011217c      0x1a4 /opt/devkitpro/portlibs/armv6k/lib/libtinyxml2.a(tinyxml2.cpp.obj)
                0x000000000011217c                tinyxml2::XMLText::ShallowClone(tinyxml2::XMLDocument*) const
 .text._ZN8tinyxml211XMLDocument8IdentifyEPcPPNS_7XMLNodeE
                0x0000000000112320      0xadc /opt/devkitpro/portlibs/armv6k/lib/libtinyxml2.a(tinyxml2.cpp.obj)
                0x0000000000112320                tinyxml2::XMLDocument::Identify(char*, tinyxml2::XMLNode**)
 .text._ZN8tinyxml27XMLNode9ParseDeepEPcPNS_7StrPairE
                0x0000000000112dfc      0x3cc /opt/devkitpro/portlibs/armv6k/lib/libtinyxml2.a(tinyxml2.cpp.obj)
                0x0000000000112dfc                tinyxml2::XMLNode::ParseDeep(char*, tinyxml2::StrPair*)
 .text._ZN8tinyxml27XMLNodeD2Ev
                0x00000000001131c8      0x10c /opt/devkitpro/portlibs/armv6k/lib/libtinyxml2.a(tinyxml2.cpp.obj)
                0x00000000001131c8                tinyxml2::XMLNode::~XMLNode()
                0x00000000001131c8                tinyxml2::XMLNode::~XMLNode()
 .text._ZN8tinyxml27XMLTextD2Ev
                0x00000000001132d4       0x20 /opt/devkitpro/portlibs/armv6k/lib/libtinyxml2.a(tinyxml2.cpp.obj)
                0x00000000001132d4                tinyxml2::XMLText::~XMLText()
                0x00000000001132d4                tinyxml2::XMLText::~XMLText()
 .text._ZN8tinyxml27XMLTextD0Ev
                0x00000000001132f4       0x28 /opt/devkitpro/portlibs/armv6k/lib/libtinyxml2.a(tinyxml2.cpp.obj)
                0x00000000001132f4                tinyxml2::XMLText::~XMLText()
 .text._ZN8tinyxml210XMLCommentD2Ev
                0x000000000011331c       0x20 /opt/devkitpro/portlibs/armv6k/lib/libtinyxml2.a(tinyxml2.cpp.obj)
                0x000000000011331c                tinyxml2::XMLComment::~XMLComment()
                0x000000000011331c                tinyxml2::XMLComment::~XMLComment()
 .text._ZN8tinyxml210XMLCommentD0Ev
                0x000000000011333c       0x28 /opt/devkitpro/portlibs/armv6k/lib/libtinyxml2.a(tinyxml2.cpp.obj)
                0x000000000011333c                tinyxml2::XMLComment::~XMLComment()
 .text._ZN8tinyxml214XMLDeclarationD2Ev
                0x0000000000113364       0x20 /opt/devkitpro/portlibs/armv6k/lib/libtinyxml2.a(tinyxml2.cpp.obj)
                0x0000000000113364                tinyxml2::XMLDeclaration::~XMLDeclaration()
                0x0000000000113364                tinyxml2::XMLDeclaration::~XMLDeclaration()
 .text._ZN8tinyxml214XMLDeclarationD0Ev
                0x0000000000113384       0x28 /opt/devkitpro/portlibs/armv6k/lib/libtinyxml2.a(tinyxml2.cpp.obj)
                0x0000000000113384                tinyxml2::XMLDeclaration::~XMLDeclaration()
 .text._ZN8tinyxml210XMLUnknownD2Ev
                0x00000000001133ac       0x20 /opt/devkitpro/portlibs/armv6k/lib/libtinyxml2.a(tinyxml2.cpp.obj)
                0x00000000001133ac                tinyxml2::XMLUnknown::~XMLUnknown()
                0x00000000001133ac                tinyxml2::XMLUnknown::~XMLUnknown()
 .text._ZN8tinyxml210XMLUnknownD0Ev
                0x00000000001133cc       0x28 /opt/devkitpro/portlibs/armv6k/lib/libtinyxml2.a(tinyxml2.cpp.obj)
                0x00000000001133cc                tinyxml2::XMLUnknown::~XMLUnknown()
 .text._ZN8tinyxml210XMLElementD2Ev
                0x00000000001133f4       0xc4 /opt/devkitpro/portlibs/armv6k/lib/libtinyxml2.a(tinyxml2.cpp.obj)
                0x00000000001133f4                tinyxml2::XMLElement::~XMLElement()
                0x00000000001133f4                tinyxml2::XMLElement::~XMLElement()
 .text._ZN8tinyxml211XMLDocumentD2Ev
                0x00000000001134b8      0x274 /opt/devkitpro/portlibs/armv6k/lib/libtinyxml2.a(tinyxml2.cpp.obj)
                0x00000000001134b8                tinyxml2::XMLDocument::~XMLDocument()
                0x00000000001134b8                tinyxml2::XMLDocument::~XMLDocument()
 .text._ZN8tinyxml211XMLDocumentD0Ev
                0x000000000011372c       0x1c /opt/devkitpro/portlibs/armv6k/lib/libtinyxml2.a(tinyxml2.cpp.obj)
                0x000000000011372c                tinyxml2::XMLDocument::~XMLDocument()
 .text._ZN8tinyxml210XMLElementD0Ev
                0x0000000000113748       0xcc /opt/devkitpro/portlibs/armv6k/lib/libtinyxml2.a(tinyxml2.cpp.obj)
                0x0000000000113748                tinyxml2::XMLElement::~XMLElement()
 .text._ZNK8tinyxml27XMLNode17FirstChildElementEPKc
                0x0000000000113814       0xf0 /opt/devkitpro/portlibs/armv6k/lib/libtinyxml2.a(tinyxml2.cpp.obj)
                0x0000000000113814                tinyxml2::XMLNode::FirstChildElement(char const*) const
 .text._ZNK8tinyxml27XMLNode18NextSiblingElementEPKc
                0x0000000000113904       0xec /opt/devkitpro/portlibs/armv6k/lib/libtinyxml2.a(tinyxml2.cpp.obj)
                0x0000000000113904                tinyxml2::XMLNode::NextSiblingElement(char const*) const
 .text._ZN8tinyxml212XMLAttribute9ParseDeepEPcb
                0x00000000001139f0      0x14c /opt/devkitpro/portlibs/armv6k/lib/libtinyxml2.a(tinyxml2.cpp.obj)
                0x00000000001139f0                tinyxml2::XMLAttribute::ParseDeep(char*, bool)
 .text._ZNK8tinyxml212XMLAttribute13QueryIntValueEPi
                0x0000000000113b3c      0x2a0 /opt/devkitpro/portlibs/armv6k/lib/libtinyxml2.a(tinyxml2.cpp.obj)
                0x0000000000113b3c                tinyxml2::XMLAttribute::QueryIntValue(int*) const
 .text._ZNK8tinyxml210XMLElement13FindAttributeEPKc
                0x0000000000113ddc       0xd0 /opt/devkitpro/portlibs/armv6k/lib/libtinyxml2.a(tinyxml2.cpp.obj)
                0x0000000000113ddc                tinyxml2::XMLElement::FindAttribute(char const*) const
 .text._ZNK8tinyxml210XMLElement9AttributeEPKcS2_
                0x0000000000113eac      0x184 /opt/devkitpro/portlibs/armv6k/lib/libtinyxml2.a(tinyxml2.cpp.obj)
                0x0000000000113eac                tinyxml2::XMLElement::Attribute(char const*, char const*) const
 .text._ZNK8tinyxml210XMLElement7GetTextEv
                0x0000000000114030      0x2bc /opt/devkitpro/portlibs/armv6k/lib/libtinyxml2.a(tinyxml2.cpp.obj)
                0x0000000000114030                tinyxml2::XMLElement::GetText() const
 .text._ZNK8tinyxml210XMLElement12QueryIntTextEPi
                0x00000000001142ec       0x6c /opt/devkitpro/portlibs/armv6k/lib/libtinyxml2.a(tinyxml2.cpp.obj)
                0x00000000001142ec                tinyxml2::XMLElement::QueryIntText(int*) const
 .text._ZN8tinyxml210XMLElement21FindOrCreateAttributeEPKc
                0x0000000000114358      0x298 /opt/devkitpro/portlibs/armv6k/lib/libtinyxml2.a(tinyxml2.cpp.obj)
                0x0000000000114358                tinyxml2::XMLElement::FindOrCreateAttribute(char const*)
 .text._ZNK8tinyxml210XMLElement12ShallowCloneEPNS_11XMLDocumentE
                0x00000000001145f0      0x244 /opt/devkitpro/portlibs/armv6k/lib/libtinyxml2.a(tinyxml2.cpp.obj)
                0x00000000001145f0                tinyxml2::XMLElement::ShallowClone(tinyxml2::XMLDocument*) const
 .text._ZN8tinyxml210XMLElement15ParseAttributesEPc
                0x0000000000114834      0x404 /opt/devkitpro/portlibs/armv6k/lib/libtinyxml2.a(tinyxml2.cpp.obj)
                0x0000000000114834                tinyxml2::XMLElement::ParseAttributes(char*)
 .text._ZN8tinyxml210XMLElement9ParseDeepEPcPNS_7StrPairE
                0x0000000000114c38       0xb4 /opt/devkitpro/portlibs/armv6k/lib/libtinyxml2.a(tinyxml2.cpp.obj)
                0x0000000000114c38                tinyxml2::XMLElement::ParseDeep(char*, tinyxml2::StrPair*)
 .text._ZN8tinyxml211XMLDocumentC2EbNS_10WhitespaceE
                0x0000000000114cec      0x124 /opt/devkitpro/portlibs/armv6k/lib/libtinyxml2.a(tinyxml2.cpp.obj)
                0x0000000000114cec                tinyxml2::XMLDocument::XMLDocument(bool, tinyxml2::Whitespace)
                0x0000000000114cec                tinyxml2::XMLDocument::XMLDocument(bool, tinyxml2::Whitespace)
 .text._ZN8tinyxml211XMLDocument5ClearEv
                0x0000000000114e10       0xbc /opt/devkitpro/portlibs/armv6k/lib/libtinyxml2.a(tinyxml2.cpp.obj)
                0x0000000000114e10                tinyxml2::XMLDocument::Clear()
 .text._ZN8tinyxml211XMLDocument5ParseEPKcj
                0x0000000000114ecc      0x378 /opt/devkitpro/portlibs/armv6k/lib/libtinyxml2.a(tinyxml2.cpp.obj)
                0x0000000000114ecc                tinyxml2::XMLDocument::Parse(char const*, unsigned int)
 .text._ZNK8tinyxml211XMLDocument10PrintErrorEv
                0x0000000000115244       0xb0 /opt/devkitpro/portlibs/armv6k/lib/libtinyxml2.a(tinyxml2.cpp.obj)
                0x0000000000115244                tinyxml2::XMLDocument::PrintError() const
 .text._ZN8tinyxml210XMLPrinter5PrintEPKcz
                0x00000000001152f4       0xf8 /opt/devkitpro/portlibs/armv6k/lib/libtinyxml2.a(tinyxml2.cpp.obj)
                0x00000000001152f4                tinyxml2::XMLPrinter::Print(char const*, ...)
 .text._ZN8tinyxml210XMLPrinter10PrintSpaceEi
                0x00000000001153ec       0x38 /opt/devkitpro/portlibs/armv6k/lib/libtinyxml2.a(tinyxml2.cpp.obj)
                0x00000000001153ec                tinyxml2::XMLPrinter::PrintSpace(int)
 .text._ZN8tinyxml210XMLPrinter10VisitEnterERKNS_11XMLDocumentE
                0x0000000000115424       0x3c /opt/devkitpro/portlibs/armv6k/lib/libtinyxml2.a(tinyxml2.cpp.obj)
                0x0000000000115424                tinyxml2::XMLPrinter::VisitEnter(tinyxml2::XMLDocument const&)
 .text._ZN8tinyxml210XMLPrinter5VisitERKNS_10XMLCommentE
                0x0000000000115460      0x354 /opt/devkitpro/portlibs/armv6k/lib/libtinyxml2.a(tinyxml2.cpp.obj)
                0x0000000000115460                tinyxml2::XMLPrinter::Visit(tinyxml2::XMLComment const&)
 .text._ZN8tinyxml210XMLPrinter5VisitERKNS_10XMLUnknownE
                0x00000000001157b4      0x354 /opt/devkitpro/portlibs/armv6k/lib/libtinyxml2.a(tinyxml2.cpp.obj)
                0x00000000001157b4                tinyxml2::XMLPrinter::Visit(tinyxml2::XMLUnknown const&)
 .text._ZN8tinyxml210XMLPrinter12CloseElementEb
                0x0000000000115b08      0x114 /opt/devkitpro/portlibs/armv6k/lib/libtinyxml2.a(tinyxml2.cpp.obj)
                0x0000000000115b08                tinyxml2::XMLPrinter::CloseElement(bool)
 .text._ZN8tinyxml210XMLPrinter5VisitERKNS_14XMLDeclarationE
                0x0000000000115c1c      0x354 /opt/devkitpro/portlibs/armv6k/lib/libtinyxml2.a(tinyxml2.cpp.obj)
                0x0000000000115c1c                tinyxml2::XMLPrinter::Visit(tinyxml2::XMLDeclaration const&)
 .text._ZN8tinyxml210XMLPrinter9VisitExitERKNS_10XMLElementE
                0x0000000000115f70      0x170 /opt/devkitpro/portlibs/armv6k/lib/libtinyxml2.a(tinyxml2.cpp.obj)
                0x0000000000115f70                tinyxml2::XMLPrinter::VisitExit(tinyxml2::XMLElement const&)
 .text._ZN8tinyxml210XMLPrinter11PrintStringEPKcb
                0x00000000001160e0      0x144 /opt/devkitpro/portlibs/armv6k/lib/libtinyxml2.a(tinyxml2.cpp.obj)
                0x00000000001160e0                tinyxml2::XMLPrinter::PrintString(char const*, bool)
 .text._ZN8tinyxml210XMLPrinter5VisitERKNS_7XMLTextE
                0x0000000000116224      0x318 /opt/devkitpro/portlibs/armv6k/lib/libtinyxml2.a(tinyxml2.cpp.obj)
                0x0000000000116224                tinyxml2::XMLPrinter::Visit(tinyxml2::XMLText const&)
 .text._ZN8tinyxml210XMLPrinter11OpenElementEPKcb
                0x000000000011653c      0x184 /opt/devkitpro/portlibs/armv6k/lib/libtinyxml2.a(tinyxml2.cpp.obj)
                0x000000000011653c                tinyxml2::XMLPrinter::OpenElement(char const*, bool)
 .text._ZN8tinyxml210XMLPrinter10VisitEnterERKNS_10XMLElementEPKNS_12XMLAttributeE
                0x00000000001166c0      0x340 /opt/devkitpro/portlibs/armv6k/lib/libtinyxml2.a(tinyxml2.cpp.obj)
                0x00000000001166c0                tinyxml2::XMLPrinter::VisitEnter(tinyxml2::XMLElement const&, tinyxml2::XMLAttribute const*)
 .text._ZdaPv   0x0000000000116a00        0x4 /opt/devkitpro/devkitARM/lib/gcc/arm-none-eabi/5.3.0/../../../../arm-none-eabi/lib/armv6k/fpu/libstdc++.a(del_opv.o)
                0x0000000000116a00                operator delete[](void*)
 .text._Znaj    0x0000000000116a04       0x1c /opt/devkitpro/devkitARM/lib/gcc/arm-none-eabi/5.3.0/../../../../arm-none-eabi/lib/armv6k/fpu/libstdc++.a(new_opv.o)
                0x0000000000116a04                operator new[](unsigned int)
 .text.__cxa_end_cleanup
                0x0000000000116a20       0x10 /opt/devkitpro/devkitARM/lib/gcc/arm-none-eabi/5.3.0/../../../../arm-none-eabi/lib/armv6k/fpu/libstdc++.a(eh_arm.o)
                0x0000000000116a20                __cxa_end_cleanup
 .text.__cxa_type_match
                0x0000000000116a30      0x148 /opt/devkitpro/devkitARM/lib/gcc/arm-none-eabi/5.3.0/../../../../arm-none-eabi/lib/armv6k/fpu/libstdc++.a(eh_arm.o)
                0x0000000000116a30                __cxa_type_match
 .text.__cxa_begin_cleanup
                0x0000000000116b78       0xb4 /opt/devkitpro/devkitARM/lib/gcc/arm-none-eabi/5.3.0/../../../../arm-none-eabi/lib/armv6k/fpu/libstdc++.a(eh_arm.o)
                0x0000000000116b78                __cxa_begin_cleanup
 .text.__gnu_end_cleanup
                0x0000000000116c2c       0xb4 /opt/devkitpro/devkitARM/lib/gcc/arm-none-eabi/5.3.0/../../../../arm-none-eabi/lib/armv6k/fpu/libstdc++.a(eh_arm.o)
                0x0000000000116c2c                __gnu_end_cleanup
 .text._ZNSt9exceptionD2Ev
                0x0000000000116ce0        0x4 /opt/devkitpro/devkitARM/lib/gcc/arm-none-eabi/5.3.0/../../../../arm-none-eabi/lib/armv6k/fpu/libstdc++.a(eh_exception.o)
                0x0000000000116ce0                std::exception::~exception()
                0x0000000000116ce0                std::exception::~exception()
 .text._ZNSt13bad_exceptionD2Ev
                0x0000000000116ce4        0x4 /opt/devkitpro/devkitARM/lib/gcc/arm-none-eabi/5.3.0/../../../../arm-none-eabi/lib/armv6k/fpu/libstdc++.a(eh_exception.o)
                0x0000000000116ce4                std::bad_exception::~bad_exception()
                0x0000000000116ce4                std::bad_exception::~bad_exception()
 .text._ZNKSt13bad_exception4whatEv
                0x0000000000116ce8        0xc /opt/devkitpro/devkitARM/lib/gcc/arm-none-eabi/5.3.0/../../../../arm-none-eabi/lib/armv6k/fpu/libstdc++.a(eh_exception.o)
                0x0000000000116ce8                std::bad_exception::what() const
 .text._ZNSt13bad_exceptionD0Ev
                0x0000000000116cf4       0x14 /opt/devkitpro/devkitARM/lib/gcc/arm-none-eabi/5.3.0/../../../../arm-none-eabi/lib/armv6k/fpu/libstdc++.a(eh_exception.o)
                0x0000000000116cf4                std::bad_exception::~bad_exception()
 .text._ZN10__cxxabiv120__si_class_type_infoD2Ev
                0x0000000000116d08       0x20 /opt/devkitpro/devkitARM/lib/gcc/arm-none-eabi/5.3.0/../../../../arm-none-eabi/lib/armv6k/fpu/libstdc++.a(si_class_type_info.o)
                0x0000000000116d08                __cxxabiv1::__si_class_type_info::~__si_class_type_info()
                0x0000000000116d08                __cxxabiv1::__si_class_type_info::~__si_class_type_info()
 .text._ZN10__cxxabiv120__si_class_type_infoD0Ev
                0x0000000000116d28       0x28 /opt/devkitpro/devkitARM/lib/gcc/arm-none-eabi/5.3.0/../../../../arm-none-eabi/lib/armv6k/fpu/libstdc++.a(si_class_type_info.o)
                0x0000000000116d28                __cxxabiv1::__si_class_type_info::~__si_class_type_info()
 .text._ZNK10__cxxabiv120__si_class_type_info12__do_dyncastEiNS_17__class_type_info10__sub_kindEPKS1_PKvS4_S6_RNS1_16__dyncast_resultE
                0x0000000000116d50       0xe4 /opt/devkitpro/devkitARM/lib/gcc/arm-none-eabi/5.3.0/../../../../arm-none-eabi/lib/armv6k/fpu/libstdc++.a(si_class_type_info.o)
                0x0000000000116d50                __cxxabiv1::__si_class_type_info::__do_dyncast(int, __cxxabiv1::__class_type_info::__sub_kind, __cxxabiv1::__class_type_info const*, void const*, __cxxabiv1::__class_type_info const*, void const*, __cxxabiv1::__class_type_info::__dyncast_result&) const
 .text._ZNK10__cxxabiv120__si_class_type_info20__do_find_public_srcEiPKvPKNS_17__class_type_infoES2_
                0x0000000000116e34       0x6c /opt/devkitpro/devkitARM/lib/gcc/arm-none-eabi/5.3.0/../../../../arm-none-eabi/lib/armv6k/fpu/libstdc++.a(si_class_type_info.o)
                0x0000000000116e34                __cxxabiv1::__si_class_type_info::__do_find_public_src(int, void const*, __cxxabiv1::__class_type_info const*, void const*) const
 .text._ZNK10__cxxabiv120__si_class_type_info11__do_upcastEPKNS_17__class_type_infoEPKvRNS1_15__upcast_resultE
                0x0000000000116ea0       0x44 /opt/devkitpro/devkitARM/lib/gcc/arm-none-eabi/5.3.0/../../../../arm-none-eabi/lib/armv6k/fpu/libstdc++.a(si_class_type_info.o)